<?xml version="1.0" encoding="ISO-8859-1" ?>
<link_info>
   <banner>TI ARM Linker Unix v20.2.7.LTS</banner>
   <copyright>Copyright (c) 1996-2018 Texas Instruments Incorporated</copyright>
   <link_time>0x67d88cbc</link_time>
   <link_errors>0x0</link_errors>
   <output_file>line_follower.out</output_file>
   <entry_point>
      <name>_c_int00_noargs</name>
      <address>0x1749</address>
   </entry_point>
   <input_file_list>
      <input_file id="fl-1">
         <path>./</path>
         <kind>object</kind>
         <file>BumpInt.obj</file>
         <name>BumpInt.obj</name>
      </input_file>
      <input_file id="fl-2">
         <path>./</path>
         <kind>object</kind>
         <file>Clock.obj</file>
         <name>Clock.obj</name>
      </input_file>
      <input_file id="fl-3">
         <path>./</path>
         <kind>object</kind>
         <file>Reflectance.obj</file>
         <name>Reflectance.obj</name>
      </input_file>
      <input_file id="fl-4">
         <path>./</path>
         <kind>object</kind>
         <file>SysTickInts.obj</file>
         <name>SysTickInts.obj</name>
      </input_file>
      <input_file id="fl-5">
         <path>./</path>
         <kind>object</kind>
         <file>TExaS.obj</file>
         <name>TExaS.obj</name>
      </input_file>
      <input_file id="fl-6">
         <path>./</path>
         <kind>object</kind>
         <file>TimerA1.obj</file>
         <name>TimerA1.obj</name>
      </input_file>
      <input_file id="fl-7">
         <path>./</path>
         <kind>object</kind>
         <file>main.obj</file>
         <name>main.obj</name>
      </input_file>
      <input_file id="fl-8">
         <path>./</path>
         <kind>object</kind>
         <file>startup_msp432p401r_ccs.obj</file>
         <name>startup_msp432p401r_ccs.obj</name>
      </input_file>
      <input_file id="fl-9">
         <path>./</path>
         <kind>object</kind>
         <file>system_msp432p401r.obj</file>
         <name>system_msp432p401r.obj</name>
      </input_file>
      <input_file id="fl-d">
         <kind>object</kind>
         <file>&lt;internal&gt;</file>
         <name>&lt;internal&gt;</name>
      </input_file>
      <input_file id="fl-c3">
         <path>/Applications/ti/ccs1260/ccs/tools/compiler/ti-cgt-arm_20.2.7.LTS/lib/</path>
         <kind>archive</kind>
         <file>rtsv7M4_T_le_v4SPD16_eabi.lib</file>
         <name>copy_zero_init.c.obj</name>
      </input_file>
      <input_file id="fl-c4">
         <path>/Applications/ti/ccs1260/ccs/tools/compiler/ti-cgt-arm_20.2.7.LTS/lib/</path>
         <kind>archive</kind>
         <file>rtsv7M4_T_le_v4SPD16_eabi.lib</file>
         <name>copy_decompress_none.c.obj</name>
      </input_file>
      <input_file id="fl-c5">
         <path>/Applications/ti/ccs1260/ccs/tools/compiler/ti-cgt-arm_20.2.7.LTS/lib/</path>
         <kind>archive</kind>
         <file>rtsv7M4_T_le_v4SPD16_eabi.lib</file>
         <name>copy_decompress_lzss.c.obj</name>
      </input_file>
      <input_file id="fl-c6">
         <path>/Applications/ti/ccs1260/ccs/tools/compiler/ti-cgt-arm_20.2.7.LTS/lib/</path>
         <kind>archive</kind>
         <file>rtsv7M4_T_le_v4SPD16_eabi.lib</file>
         <name>boot_cortex_m.c.obj</name>
      </input_file>
      <input_file id="fl-c7">
         <path>/Applications/ti/ccs1260/ccs/tools/compiler/ti-cgt-arm_20.2.7.LTS/lib/</path>
         <kind>archive</kind>
         <file>rtsv7M4_T_le_v4SPD16_eabi.lib</file>
         <name>memcpy_t2.asm.obj</name>
      </input_file>
      <input_file id="fl-c8">
         <path>/Applications/ti/ccs1260/ccs/tools/compiler/ti-cgt-arm_20.2.7.LTS/lib/</path>
         <kind>archive</kind>
         <file>rtsv7M4_T_le_v4SPD16_eabi.lib</file>
         <name>memset_t2.asm.obj</name>
      </input_file>
      <input_file id="fl-c9">
         <path>/Applications/ti/ccs1260/ccs/tools/compiler/ti-cgt-arm_20.2.7.LTS/lib/</path>
         <kind>archive</kind>
         <file>rtsv7M4_T_le_v4SPD16_eabi.lib</file>
         <name>autoinit.c.obj</name>
      </input_file>
      <input_file id="fl-ca">
         <path>/Applications/ti/ccs1260/ccs/tools/compiler/ti-cgt-arm_20.2.7.LTS/lib/</path>
         <kind>archive</kind>
         <file>rtsv7M4_T_le_v4SPD16_eabi.lib</file>
         <name>pre_init.c.obj</name>
      </input_file>
      <input_file id="fl-cb">
         <path>/Applications/ti/ccs1260/ccs/tools/compiler/ti-cgt-arm_20.2.7.LTS/lib/</path>
         <kind>archive</kind>
         <file>rtsv7M4_T_le_v4SPD16_eabi.lib</file>
         <name>cpy_tbl.c.obj</name>
      </input_file>
      <input_file id="fl-cc">
         <path>/Applications/ti/ccs1260/ccs/tools/compiler/ti-cgt-arm_20.2.7.LTS/lib/</path>
         <kind>archive</kind>
         <file>rtsv7M4_T_le_v4SPD16_eabi.lib</file>
         <name>exit.c.obj</name>
      </input_file>
      <input_file id="fl-cd">
         <path>/Applications/ti/ccs1260/ccs/tools/compiler/ti-cgt-arm_20.2.7.LTS/lib/</path>
         <kind>archive</kind>
         <file>rtsv7M4_T_le_v4SPD16_eabi.lib</file>
         <name>_lock.c.obj</name>
      </input_file>
      <input_file id="fl-ce">
         <path>/Applications/ti/ccs1260/ccs/tools/compiler/ti-cgt-arm_20.2.7.LTS/lib/</path>
         <kind>archive</kind>
         <file>rtsv7M4_T_le_v4SPD16_eabi.lib</file>
         <name>args_main.c.obj</name>
      </input_file>
   </input_file_list>
   <object_component_list>
      <object_component id="oc-26">
         <name>.intvecs:retain</name>
         <load_address>0x0</load_address>
         <run_address>0x0</run_address>
         <size>0xe4</size>
         <input_file_ref idref="fl-8"/>
      </object_component>
      <object_component id="oc-79">
         <name>.text</name>
         <load_address>0xe4</load_address>
         <run_address>0xe4</run_address>
         <size>0x6c8</size>
         <input_file_ref idref="fl-5"/>
      </object_component>
      <object_component id="oc-6d">
         <name>.text</name>
         <load_address>0x7ac</load_address>
         <run_address>0x7ac</run_address>
         <size>0x524</size>
         <input_file_ref idref="fl-7"/>
      </object_component>
      <object_component id="oc-b7">
         <name>.text</name>
         <load_address>0xcd0</load_address>
         <run_address>0xcd0</run_address>
         <size>0x334</size>
         <input_file_ref idref="fl-9"/>
      </object_component>
      <object_component id="oc-cb">
         <name>.text</name>
         <load_address>0x1004</load_address>
         <run_address>0x1004</run_address>
         <size>0x2c4</size>
         <input_file_ref idref="fl-3"/>
      </object_component>
      <object_component id="oc-c5">
         <name>.text</name>
         <load_address>0x12c8</load_address>
         <run_address>0x12c8</run_address>
         <size>0x1e0</size>
         <input_file_ref idref="fl-2"/>
      </object_component>
      <object_component id="oc-7f">
         <name>.text</name>
         <load_address>0x14a8</load_address>
         <run_address>0x14a8</run_address>
         <size>0x118</size>
         <input_file_ref idref="fl-1"/>
      </object_component>
      <object_component id="oc-37">
         <name>.text</name>
         <load_address>0x15c0</load_address>
         <run_address>0x15c0</run_address>
         <size>0x9c</size>
         <input_file_ref idref="fl-c7"/>
      </object_component>
      <object_component id="oc-17">
         <name>.text:decompress:lzss:__TI_decompress_lzss</name>
         <load_address>0x165c</load_address>
         <run_address>0x165c</run_address>
         <size>0x68</size>
         <input_file_ref idref="fl-c5"/>
      </object_component>
      <object_component id="oc-11d">
         <name>.text:__TI_auto_init_nobinit_nopinit:__TI_auto_init_nobinit_nopinit</name>
         <load_address>0x16c4</load_address>
         <run_address>0x16c4</run_address>
         <size>0x44</size>
         <input_file_ref idref="fl-c9"/>
      </object_component>
      <object_component id="oc-d4">
         <name>.text</name>
         <load_address>0x1708</load_address>
         <run_address>0x1708</run_address>
         <size>0x40</size>
         <input_file_ref idref="fl-4"/>
      </object_component>
      <object_component id="oc-55">
         <name>.text:_c_int00_noargs:_c_int00_noargs</name>
         <load_address>0x1748</load_address>
         <run_address>0x1748</run_address>
         <size>0x34</size>
         <input_file_ref idref="fl-c6"/>
      </object_component>
      <object_component id="oc-be">
         <name>.text:PercentageToCCR</name>
         <load_address>0x177c</load_address>
         <run_address>0x177c</run_address>
         <size>0x2e</size>
         <input_file_ref idref="fl-7"/>
      </object_component>
      <object_component id="oc-43">
         <name>.text:decompress:ZI:__TI_zero_init_nomemset:__TI_zero_init_nomemset</name>
         <load_address>0x17aa</load_address>
         <run_address>0x17aa</run_address>
         <size>0x1c</size>
         <input_file_ref idref="fl-c3"/>
      </object_component>
      <object_component id="oc-73">
         <name>.text</name>
         <load_address>0x17c6</load_address>
         <run_address>0x17c6</run_address>
         <size>0x12</size>
         <input_file_ref idref="fl-6"/>
      </object_component>
      <object_component id="oc-1d">
         <name>.text:decompress:none:__TI_decompress_none</name>
         <load_address>0x17d8</load_address>
         <run_address>0x17d8</run_address>
         <size>0xe</size>
         <input_file_ref idref="fl-c4"/>
      </object_component>
      <object_component id="oc-67">
         <name>.text</name>
         <load_address>0x17e6</load_address>
         <run_address>0x17e6</run_address>
         <size>0xe</size>
         <input_file_ref idref="fl-8"/>
      </object_component>
      <object_component id="oc-a5">
         <name>.text:_system_pre_init</name>
         <load_address>0x17f4</load_address>
         <run_address>0x17f4</run_address>
         <size>0x4</size>
         <input_file_ref idref="fl-ca"/>
      </object_component>
      <object_component id="oc-111">
         <name>.text:abort:abort</name>
         <load_address>0x17f8</load_address>
         <run_address>0x17f8</run_address>
         <size>0x4</size>
         <input_file_ref idref="fl-cc"/>
      </object_component>
      <object_component id="oc-dd">
         <name>.const:fsm</name>
         <load_address>0x17fc</load_address>
         <run_address>0x17fc</run_address>
         <size>0xfc</size>
         <input_file_ref idref="fl-7"/>
      </object_component>
      <object_component id="oc-157">
         <name>.const:$P$T0$1</name>
         <load_address>0x18f8</load_address>
         <run_address>0x18f8</run_address>
         <size>0x20</size>
         <input_file_ref idref="fl-3"/>
      </object_component>
      <object_component id="oc-20b">
         <name>.cinit..data.load</name>
         <load_address>0x1918</load_address>
         <run_address>0x1918</run_address>
         <size>0xd</size>
      </object_component>
      <object_component id="oc-209">
         <name>__TI_handler_table</name>
         <load_address>0x1928</load_address>
         <run_address>0x1928</run_address>
         <size>0xc</size>
      </object_component>
      <object_component id="oc-20c">
         <name>.cinit..bss.load</name>
         <load_address>0x1938</load_address>
         <run_address>0x1938</run_address>
         <size>0x8</size>
      </object_component>
      <object_component id="oc-20a">
         <name>__TI_cinit_table</name>
         <load_address>0x1940</load_address>
         <run_address>0x1940</run_address>
         <size>0x10</size>
      </object_component>
      <object_component id="oc-1dd">
         <name>.binit</name>
         <load_address>0x0</load_address>
         <run_address>0x0</run_address>
         <size>0x0</size>
      </object_component>
      <object_component id="oc-153">
         <name>.data</name>
         <load_address>0x20000000</load_address>
         <run_address>0x20000000</run_address>
         <size>0x18</size>
         <input_file_ref idref="fl-2"/>
      </object_component>
      <object_component id="oc-ec">
         <name>.data</name>
         <load_address>0x20000018</load_address>
         <run_address>0x20000018</run_address>
         <size>0xc</size>
         <input_file_ref idref="fl-5"/>
      </object_component>
      <object_component id="oc-14f">
         <name>.data</name>
         <load_address>0x20000024</load_address>
         <run_address>0x20000024</run_address>
         <size>0x4</size>
         <input_file_ref idref="fl-9"/>
      </object_component>
      <object_component id="oc-f6">
         <name>.common:Bump_task</name>
         <uninitialized>true</uninitialized>
         <run_address>0x20000028</run_address>
         <size>0x4</size>
      </object_component>
      <object_component id="oc-e9">
         <name>.common:LogicData</name>
         <uninitialized>true</uninitialized>
         <run_address>0x20000038</run_address>
         <size>0x1</size>
      </object_component>
      <object_component id="oc-ef">
         <name>.common:PeriodicTask2</name>
         <uninitialized>true</uninitialized>
         <run_address>0x2000002c</run_address>
         <size>0x4</size>
      </object_component>
      <object_component id="oc-da">
         <name>.common:sensor_value</name>
         <uninitialized>true</uninitialized>
         <run_address>0x2000003a</run_address>
         <size>0x1</size>
      </object_component>
      <object_component id="oc-d1">
         <name>.common:interrupt_count</name>
         <uninitialized>true</uninitialized>
         <run_address>0x20000039</run_address>
         <size>0x1</size>
      </object_component>
      <object_component id="oc-db">
         <name>.common:reflectance_value</name>
         <uninitialized>true</uninitialized>
         <run_address>0x20000030</run_address>
         <size>0x4</size>
      </object_component>
      <object_component id="oc-dc">
         <name>.common:state</name>
         <uninitialized>true</uninitialized>
         <run_address>0x20000034</run_address>
         <size>0x4</size>
      </object_component>
      <object_component id="oc-29">
         <name>.stack</name>
         <uninitialized>true</uninitialized>
         <run_address>0x2000fe00</run_address>
         <size>0x4</size>
         <input_file_ref idref="fl-c6"/>
      </object_component>
      <object_component id="oc-20e">
         <name>.stack</name>
         <uninitialized>true</uninitialized>
         <run_address>0x2000fe00</run_address>
         <size>0x0</size>
      </object_component>
      <object_component id="oc-f7">
         <name>.debug_info</name>
         <load_address>0x0</load_address>
         <run_address>0x0</run_address>
         <size>0x573</size>
         <input_file_ref idref="fl-1"/>
      </object_component>
      <object_component id="oc-80">
         <name>.debug_info</name>
         <load_address>0x573</load_address>
         <run_address>0x573</run_address>
         <size>0x237</size>
         <input_file_ref idref="fl-1"/>
      </object_component>
      <object_component id="oc-15e">
         <name>.debug_info</name>
         <load_address>0x7aa</load_address>
         <run_address>0x7aa</run_address>
         <size>0x37e2</size>
         <input_file_ref idref="fl-1"/>
      </object_component>
      <object_component id="oc-163">
         <name>.debug_info</name>
         <load_address>0x3f8c</load_address>
         <run_address>0x3f8c</run_address>
         <size>0x1055</size>
         <input_file_ref idref="fl-1"/>
      </object_component>
      <object_component id="oc-fc">
         <name>.debug_info</name>
         <load_address>0x4fe1</load_address>
         <run_address>0x4fe1</run_address>
         <size>0x26b</size>
         <input_file_ref idref="fl-1"/>
      </object_component>
      <object_component id="oc-32">
         <name>.debug_info</name>
         <load_address>0x524c</load_address>
         <run_address>0x524c</run_address>
         <size>0x84</size>
         <input_file_ref idref="fl-1"/>
      </object_component>
      <object_component id="oc-170">
         <name>.debug_info</name>
         <load_address>0x52d0</load_address>
         <run_address>0x52d0</run_address>
         <size>0x2a4</size>
         <input_file_ref idref="fl-1"/>
      </object_component>
      <object_component id="oc-e1">
         <name>.debug_info</name>
         <load_address>0x5574</load_address>
         <run_address>0x5574</run_address>
         <size>0xbb</size>
         <input_file_ref idref="fl-1"/>
      </object_component>
      <object_component id="oc-154">
         <name>.debug_info</name>
         <load_address>0x562f</load_address>
         <run_address>0x562f</run_address>
         <size>0x1c8</size>
         <input_file_ref idref="fl-2"/>
      </object_component>
      <object_component id="oc-c6">
         <name>.debug_info</name>
         <load_address>0x57f7</load_address>
         <run_address>0x57f7</run_address>
         <size>0x4cc</size>
         <input_file_ref idref="fl-2"/>
      </object_component>
      <object_component id="oc-15b">
         <name>.debug_info</name>
         <load_address>0x5cc3</load_address>
         <run_address>0x5cc3</run_address>
         <size>0x5bf</size>
         <input_file_ref idref="fl-3"/>
      </object_component>
      <object_component id="oc-158">
         <name>.debug_info</name>
         <load_address>0x6282</load_address>
         <run_address>0x6282</run_address>
         <size>0xe8</size>
         <input_file_ref idref="fl-3"/>
      </object_component>
      <object_component id="oc-cc">
         <name>.debug_info</name>
         <load_address>0x636a</load_address>
         <run_address>0x636a</run_address>
         <size>0x4a8</size>
         <input_file_ref idref="fl-3"/>
      </object_component>
      <object_component id="oc-1a5">
         <name>.debug_info</name>
         <load_address>0x6812</load_address>
         <run_address>0x6812</run_address>
         <size>0x37e2</size>
         <input_file_ref idref="fl-3"/>
      </object_component>
      <object_component id="oc-d5">
         <name>.debug_info</name>
         <load_address>0x9ff4</load_address>
         <run_address>0x9ff4</run_address>
         <size>0x219</size>
         <input_file_ref idref="fl-4"/>
      </object_component>
      <object_component id="oc-ea">
         <name>.debug_info</name>
         <load_address>0xa20d</load_address>
         <run_address>0xa20d</run_address>
         <size>0x5c7</size>
         <input_file_ref idref="fl-5"/>
      </object_component>
      <object_component id="oc-ed">
         <name>.debug_info</name>
         <load_address>0xa7d4</load_address>
         <run_address>0xa7d4</run_address>
         <size>0x1ab</size>
         <input_file_ref idref="fl-5"/>
      </object_component>
      <object_component id="oc-7a">
         <name>.debug_info</name>
         <load_address>0xa97f</load_address>
         <run_address>0xa97f</run_address>
         <size>0x2566</size>
         <input_file_ref idref="fl-5"/>
      </object_component>
      <object_component id="oc-f1">
         <name>.debug_info</name>
         <load_address>0xcee5</load_address>
         <run_address>0xcee5</run_address>
         <size>0xc6</size>
         <input_file_ref idref="fl-5"/>
      </object_component>
      <object_component id="oc-e7">
         <name>.debug_info</name>
         <load_address>0xcfab</load_address>
         <run_address>0xcfab</run_address>
         <size>0x59d</size>
         <input_file_ref idref="fl-6"/>
      </object_component>
      <object_component id="oc-74">
         <name>.debug_info</name>
         <load_address>0xd548</load_address>
         <run_address>0xd548</run_address>
         <size>0x367</size>
         <input_file_ref idref="fl-6"/>
      </object_component>
      <object_component id="oc-d2">
         <name>.debug_info</name>
         <load_address>0xd8af</load_address>
         <run_address>0xd8af</run_address>
         <size>0x7ac</size>
         <input_file_ref idref="fl-7"/>
      </object_component>
      <object_component id="oc-de">
         <name>.debug_info</name>
         <load_address>0xe05b</load_address>
         <run_address>0xe05b</run_address>
         <size>0xda</size>
         <input_file_ref idref="fl-7"/>
      </object_component>
      <object_component id="oc-bf">
         <name>.debug_info</name>
         <load_address>0xe135</load_address>
         <run_address>0xe135</run_address>
         <size>0x15b</size>
         <input_file_ref idref="fl-7"/>
      </object_component>
      <object_component id="oc-6e">
         <name>.debug_info</name>
         <load_address>0xe290</load_address>
         <run_address>0xe290</run_address>
         <size>0x82e</size>
         <input_file_ref idref="fl-7"/>
      </object_component>
      <object_component id="oc-168">
         <name>.debug_info</name>
         <load_address>0xeabe</load_address>
         <run_address>0xeabe</run_address>
         <size>0x76</size>
         <input_file_ref idref="fl-7"/>
      </object_component>
      <object_component id="oc-87">
         <name>.debug_info</name>
         <load_address>0xeb34</load_address>
         <run_address>0xeb34</run_address>
         <size>0x2db</size>
         <input_file_ref idref="fl-8"/>
      </object_component>
      <object_component id="oc-27">
         <name>.debug_info</name>
         <load_address>0xee0f</load_address>
         <run_address>0xee0f</run_address>
         <size>0x107</size>
         <input_file_ref idref="fl-8"/>
      </object_component>
      <object_component id="oc-68">
         <name>.debug_info</name>
         <load_address>0xef16</load_address>
         <run_address>0xef16</run_address>
         <size>0x1ce</size>
         <input_file_ref idref="fl-8"/>
      </object_component>
      <object_component id="oc-150">
         <name>.debug_info</name>
         <load_address>0xf0e4</load_address>
         <run_address>0xf0e4</run_address>
         <size>0x100</size>
         <input_file_ref idref="fl-9"/>
      </object_component>
      <object_component id="oc-b8">
         <name>.debug_info</name>
         <load_address>0xf1e4</load_address>
         <run_address>0xf1e4</run_address>
         <size>0x272</size>
         <input_file_ref idref="fl-9"/>
      </object_component>
      <object_component id="oc-9e">
         <name>.debug_info</name>
         <load_address>0xf456</load_address>
         <run_address>0xf456</run_address>
         <size>0x2d4</size>
         <input_file_ref idref="fl-c3"/>
      </object_component>
      <object_component id="oc-47">
         <name>.debug_info</name>
         <load_address>0xf72a</load_address>
         <run_address>0xf72a</run_address>
         <size>0x1d2</size>
         <input_file_ref idref="fl-c3"/>
      </object_component>
      <object_component id="oc-99">
         <name>.debug_info</name>
         <load_address>0xf8fc</load_address>
         <run_address>0xf8fc</run_address>
         <size>0x46</size>
         <input_file_ref idref="fl-c3"/>
      </object_component>
      <object_component id="oc-108">
         <name>.debug_info</name>
         <load_address>0xf942</load_address>
         <run_address>0xf942</run_address>
         <size>0x2c</size>
         <input_file_ref idref="fl-c3"/>
      </object_component>
      <object_component id="oc-42">
         <name>.debug_info</name>
         <load_address>0xf96e</load_address>
         <run_address>0xf96e</run_address>
         <size>0x2a8</size>
         <input_file_ref idref="fl-c4"/>
      </object_component>
      <object_component id="oc-21">
         <name>.debug_info</name>
         <load_address>0xfc16</load_address>
         <run_address>0xfc16</run_address>
         <size>0x1ea</size>
         <input_file_ref idref="fl-c4"/>
      </object_component>
      <object_component id="oc-3d">
         <name>.debug_info</name>
         <load_address>0xfe00</load_address>
         <run_address>0xfe00</run_address>
         <size>0x46</size>
         <input_file_ref idref="fl-c4"/>
      </object_component>
      <object_component id="oc-91">
         <name>.debug_info</name>
         <load_address>0xfe46</load_address>
         <run_address>0xfe46</run_address>
         <size>0x2c</size>
         <input_file_ref idref="fl-c4"/>
      </object_component>
      <object_component id="oc-8f">
         <name>.debug_info</name>
         <load_address>0xfe72</load_address>
         <run_address>0xfe72</run_address>
         <size>0x29e</size>
         <input_file_ref idref="fl-c5"/>
      </object_component>
      <object_component id="oc-19">
         <name>.debug_info</name>
         <load_address>0x10110</load_address>
         <run_address>0x10110</run_address>
         <size>0x250</size>
         <input_file_ref idref="fl-c5"/>
      </object_component>
      <object_component id="oc-2d">
         <name>.debug_info</name>
         <load_address>0x10360</load_address>
         <run_address>0x10360</run_address>
         <size>0x60</size>
         <input_file_ref idref="fl-c5"/>
      </object_component>
      <object_component id="oc-101">
         <name>.debug_info</name>
         <load_address>0x103c0</load_address>
         <run_address>0x103c0</run_address>
         <size>0x46</size>
         <input_file_ref idref="fl-c5"/>
      </object_component>
      <object_component id="oc-8a">
         <name>.debug_info</name>
         <load_address>0x10406</load_address>
         <run_address>0x10406</run_address>
         <size>0x39</size>
         <input_file_ref idref="fl-c5"/>
      </object_component>
      <object_component id="oc-2a">
         <name>.debug_info</name>
         <load_address>0x1043f</load_address>
         <run_address>0x1043f</run_address>
         <size>0x10b</size>
         <input_file_ref idref="fl-c6"/>
      </object_component>
      <object_component id="oc-56">
         <name>.debug_info</name>
         <load_address>0x1054a</load_address>
         <run_address>0x1054a</run_address>
         <size>0x1a9</size>
         <input_file_ref idref="fl-c6"/>
      </object_component>
      <object_component id="oc-38">
         <name>.debug_info</name>
         <load_address>0x106f3</load_address>
         <run_address>0x106f3</run_address>
         <size>0x119</size>
         <input_file_ref idref="fl-c7"/>
      </object_component>
      <object_component id="oc-188">
         <name>.debug_info</name>
         <load_address>0x1080c</load_address>
         <run_address>0x1080c</run_address>
         <size>0x4b3</size>
         <input_file_ref idref="fl-c9"/>
      </object_component>
      <object_component id="oc-121">
         <name>.debug_info</name>
         <load_address>0x10cbf</load_address>
         <run_address>0x10cbf</run_address>
         <size>0x1a6</size>
         <input_file_ref idref="fl-c9"/>
      </object_component>
      <object_component id="oc-1ba">
         <name>.debug_info</name>
         <load_address>0x10e65</load_address>
         <run_address>0x10e65</run_address>
         <size>0x39</size>
         <input_file_ref idref="fl-c9"/>
      </object_component>
      <object_component id="oc-1ce">
         <name>.debug_info</name>
         <load_address>0x10e9e</load_address>
         <run_address>0x10e9e</run_address>
         <size>0x39</size>
         <input_file_ref idref="fl-c9"/>
      </object_component>
      <object_component id="oc-1bf">
         <name>.debug_info</name>
         <load_address>0x10ed7</load_address>
         <run_address>0x10ed7</run_address>
         <size>0x39</size>
         <input_file_ref idref="fl-c9"/>
      </object_component>
      <object_component id="oc-1c4">
         <name>.debug_info</name>
         <load_address>0x10f10</load_address>
         <run_address>0x10f10</run_address>
         <size>0xcd</size>
         <input_file_ref idref="fl-c9"/>
      </object_component>
      <object_component id="oc-a7">
         <name>.debug_info</name>
         <load_address>0x10fdd</load_address>
         <run_address>0x10fdd</run_address>
         <size>0x153</size>
         <input_file_ref idref="fl-ca"/>
      </object_component>
      <object_component id="oc-115">
         <name>.debug_info</name>
         <load_address>0x11130</load_address>
         <run_address>0x11130</run_address>
         <size>0x122</size>
         <input_file_ref idref="fl-cc"/>
      </object_component>
      <object_component id="oc-20f">
         <name>.debug_info</name>
         <load_address>0x11252</load_address>
         <run_address>0x11252</run_address>
         <size>0xb3</size>
      </object_component>
      <object_component id="oc-17c">
         <name>.debug_line</name>
         <load_address>0x0</load_address>
         <run_address>0x0</run_address>
         <size>0x30</size>
         <input_file_ref idref="fl-1"/>
      </object_component>
      <object_component id="oc-83">
         <name>.debug_line</name>
         <load_address>0x30</load_address>
         <run_address>0x30</run_address>
         <size>0x8c</size>
         <input_file_ref idref="fl-1"/>
      </object_component>
      <object_component id="oc-161">
         <name>.debug_line</name>
         <load_address>0xbc</load_address>
         <run_address>0xbc</run_address>
         <size>0x63</size>
         <input_file_ref idref="fl-1"/>
      </object_component>
      <object_component id="oc-166">
         <name>.debug_line</name>
         <load_address>0x11f</load_address>
         <run_address>0x11f</run_address>
         <size>0x66</size>
         <input_file_ref idref="fl-1"/>
      </object_component>
      <object_component id="oc-ff">
         <name>.debug_line</name>
         <load_address>0x185</load_address>
         <run_address>0x185</run_address>
         <size>0x7a</size>
         <input_file_ref idref="fl-1"/>
      </object_component>
      <object_component id="oc-35">
         <name>.debug_line</name>
         <load_address>0x1ff</load_address>
         <run_address>0x1ff</run_address>
         <size>0x20</size>
         <input_file_ref idref="fl-1"/>
      </object_component>
      <object_component id="oc-173">
         <name>.debug_line</name>
         <load_address>0x21f</load_address>
         <run_address>0x21f</run_address>
         <size>0x7e</size>
         <input_file_ref idref="fl-1"/>
      </object_component>
      <object_component id="oc-e4">
         <name>.debug_line</name>
         <load_address>0x29d</load_address>
         <run_address>0x29d</run_address>
         <size>0x7b</size>
         <input_file_ref idref="fl-1"/>
      </object_component>
      <object_component id="oc-1a0">
         <name>.debug_line</name>
         <load_address>0x318</load_address>
         <run_address>0x318</run_address>
         <size>0x5e</size>
         <input_file_ref idref="fl-2"/>
      </object_component>
      <object_component id="oc-c9">
         <name>.debug_line</name>
         <load_address>0x376</load_address>
         <run_address>0x376</run_address>
         <size>0x12b</size>
         <input_file_ref idref="fl-2"/>
      </object_component>
      <object_component id="oc-1a4">
         <name>.debug_line</name>
         <load_address>0x4a1</load_address>
         <run_address>0x4a1</run_address>
         <size>0x35</size>
         <input_file_ref idref="fl-3"/>
      </object_component>
      <object_component id="oc-1a2">
         <name>.debug_line</name>
         <load_address>0x4d6</load_address>
         <run_address>0x4d6</run_address>
         <size>0x34</size>
         <input_file_ref idref="fl-3"/>
      </object_component>
      <object_component id="oc-cf">
         <name>.debug_line</name>
         <load_address>0x50a</load_address>
         <run_address>0x50a</run_address>
         <size>0x157</size>
         <input_file_ref idref="fl-3"/>
      </object_component>
      <object_component id="oc-1a8">
         <name>.debug_line</name>
         <load_address>0x661</load_address>
         <run_address>0x661</run_address>
         <size>0x63</size>
         <input_file_ref idref="fl-3"/>
      </object_component>
      <object_component id="oc-d8">
         <name>.debug_line</name>
         <load_address>0x6c4</load_address>
         <run_address>0x6c4</run_address>
         <size>0x7f</size>
         <input_file_ref idref="fl-4"/>
      </object_component>
      <object_component id="oc-178">
         <name>.debug_line</name>
         <load_address>0x743</load_address>
         <run_address>0x743</run_address>
         <size>0x5e</size>
         <input_file_ref idref="fl-5"/>
      </object_component>
      <object_component id="oc-17a">
         <name>.debug_line</name>
         <load_address>0x7a1</load_address>
         <run_address>0x7a1</run_address>
         <size>0x5e</size>
         <input_file_ref idref="fl-5"/>
      </object_component>
      <object_component id="oc-7d">
         <name>.debug_line</name>
         <load_address>0x7ff</load_address>
         <run_address>0x7ff</run_address>
         <size>0x626</size>
         <input_file_ref idref="fl-5"/>
      </object_component>
      <object_component id="oc-f4">
         <name>.debug_line</name>
         <load_address>0xe25</load_address>
         <run_address>0xe25</run_address>
         <size>0x65</size>
         <input_file_ref idref="fl-5"/>
      </object_component>
      <object_component id="oc-176">
         <name>.debug_line</name>
         <load_address>0xe8a</load_address>
         <run_address>0xe8a</run_address>
         <size>0x60</size>
         <input_file_ref idref="fl-6"/>
      </object_component>
      <object_component id="oc-77">
         <name>.debug_line</name>
         <load_address>0xeea</load_address>
         <run_address>0xeea</run_address>
         <size>0xa3</size>
         <input_file_ref idref="fl-6"/>
      </object_component>
      <object_component id="oc-15d">
         <name>.debug_line</name>
         <load_address>0xf8d</load_address>
         <run_address>0xf8d</run_address>
         <size>0x8f</size>
         <input_file_ref idref="fl-7"/>
      </object_component>
      <object_component id="oc-16f">
         <name>.debug_line</name>
         <load_address>0x101c</load_address>
         <run_address>0x101c</run_address>
         <size>0x2d</size>
         <input_file_ref idref="fl-7"/>
      </object_component>
      <object_component id="oc-c2">
         <name>.debug_line</name>
         <load_address>0x1049</load_address>
         <run_address>0x1049</run_address>
         <size>0x4a</size>
         <input_file_ref idref="fl-7"/>
      </object_component>
      <object_component id="oc-71">
         <name>.debug_line</name>
         <load_address>0x1093</load_address>
         <run_address>0x1093</run_address>
         <size>0x226</size>
         <input_file_ref idref="fl-7"/>
      </object_component>
      <object_component id="oc-16b">
         <name>.debug_line</name>
         <load_address>0x12b9</load_address>
         <run_address>0x12b9</run_address>
         <size>0x2d</size>
         <input_file_ref idref="fl-7"/>
      </object_component>
      <object_component id="oc-fb">
         <name>.debug_line</name>
         <load_address>0x12e6</load_address>
         <run_address>0x12e6</run_address>
         <size>0x40</size>
         <input_file_ref idref="fl-8"/>
      </object_component>
      <object_component id="oc-86">
         <name>.debug_line</name>
         <load_address>0x1326</load_address>
         <run_address>0x1326</run_address>
         <size>0x40</size>
         <input_file_ref idref="fl-8"/>
      </object_component>
      <object_component id="oc-6b">
         <name>.debug_line</name>
         <load_address>0x1366</load_address>
         <run_address>0x1366</run_address>
         <size>0x71</size>
         <input_file_ref idref="fl-8"/>
      </object_component>
      <object_component id="oc-19e">
         <name>.debug_line</name>
         <load_address>0x13d7</load_address>
         <run_address>0x13d7</run_address>
         <size>0x3b</size>
         <input_file_ref idref="fl-9"/>
      </object_component>
      <object_component id="oc-bb">
         <name>.debug_line</name>
         <load_address>0x1412</load_address>
         <run_address>0x1412</run_address>
         <size>0x134</size>
         <input_file_ref idref="fl-9"/>
      </object_component>
      <object_component id="oc-10e">
         <name>.debug_line</name>
         <load_address>0x1546</load_address>
         <run_address>0x1546</run_address>
         <size>0x92</size>
         <input_file_ref idref="fl-c3"/>
      </object_component>
      <object_component id="oc-46">
         <name>.debug_line</name>
         <load_address>0x15d8</load_address>
         <run_address>0x15d8</run_address>
         <size>0x4c</size>
         <input_file_ref idref="fl-c3"/>
      </object_component>
      <object_component id="oc-9c">
         <name>.debug_line</name>
         <load_address>0x1624</load_address>
         <run_address>0x1624</run_address>
         <size>0x34</size>
         <input_file_ref idref="fl-c3"/>
      </object_component>
      <object_component id="oc-10b">
         <name>.debug_line</name>
         <load_address>0x1658</load_address>
         <run_address>0x1658</run_address>
         <size>0x92</size>
         <input_file_ref idref="fl-c3"/>
      </object_component>
      <object_component id="oc-97">
         <name>.debug_line</name>
         <load_address>0x16ea</load_address>
         <run_address>0x16ea</run_address>
         <size>0x20</size>
         <input_file_ref idref="fl-c4"/>
      </object_component>
      <object_component id="oc-20">
         <name>.debug_line</name>
         <load_address>0x170a</load_address>
         <run_address>0x170a</run_address>
         <size>0x55</size>
         <input_file_ref idref="fl-c4"/>
      </object_component>
      <object_component id="oc-40">
         <name>.debug_line</name>
         <load_address>0x175f</load_address>
         <run_address>0x175f</run_address>
         <size>0x3a</size>
         <input_file_ref idref="fl-c4"/>
      </object_component>
      <object_component id="oc-94">
         <name>.debug_line</name>
         <load_address>0x1799</load_address>
         <run_address>0x1799</run_address>
         <size>0x92</size>
         <input_file_ref idref="fl-c4"/>
      </object_component>
      <object_component id="oc-107">
         <name>.debug_line</name>
         <load_address>0x182b</load_address>
         <run_address>0x182b</run_address>
         <size>0x20</size>
         <input_file_ref idref="fl-c5"/>
      </object_component>
      <object_component id="oc-18">
         <name>.debug_line</name>
         <load_address>0x184b</load_address>
         <run_address>0x184b</run_address>
         <size>0xa9</size>
         <input_file_ref idref="fl-c5"/>
      </object_component>
      <object_component id="oc-30">
         <name>.debug_line</name>
         <load_address>0x18f4</load_address>
         <run_address>0x18f4</run_address>
         <size>0x3a</size>
         <input_file_ref idref="fl-c5"/>
      </object_component>
      <object_component id="oc-104">
         <name>.debug_line</name>
         <load_address>0x192e</load_address>
         <run_address>0x192e</run_address>
         <size>0x9a</size>
         <input_file_ref idref="fl-c5"/>
      </object_component>
      <object_component id="oc-8d">
         <name>.debug_line</name>
         <load_address>0x19c8</load_address>
         <run_address>0x19c8</run_address>
         <size>0x96</size>
         <input_file_ref idref="fl-c5"/>
      </object_component>
      <object_component id="oc-89">
         <name>.debug_line</name>
         <load_address>0x1a5e</load_address>
         <run_address>0x1a5e</run_address>
         <size>0x33</size>
         <input_file_ref idref="fl-c6"/>
      </object_component>
      <object_component id="oc-59">
         <name>.debug_line</name>
         <load_address>0x1a91</load_address>
         <run_address>0x1a91</run_address>
         <size>0x45</size>
         <input_file_ref idref="fl-c6"/>
      </object_component>
      <object_component id="oc-3b">
         <name>.debug_line</name>
         <load_address>0x1ad6</load_address>
         <run_address>0x1ad6</run_address>
         <size>0x88</size>
         <input_file_ref idref="fl-c7"/>
      </object_component>
      <object_component id="oc-1b9">
         <name>.debug_line</name>
         <load_address>0x1b5e</load_address>
         <run_address>0x1b5e</run_address>
         <size>0xbf</size>
         <input_file_ref idref="fl-c9"/>
      </object_component>
      <object_component id="oc-11e">
         <name>.debug_line</name>
         <load_address>0x1c1d</load_address>
         <run_address>0x1c1d</run_address>
         <size>0x6f</size>
         <input_file_ref idref="fl-c9"/>
      </object_component>
      <object_component id="oc-1bd">
         <name>.debug_line</name>
         <load_address>0x1c8c</load_address>
         <run_address>0x1c8c</run_address>
         <size>0x2e</size>
         <input_file_ref idref="fl-c9"/>
      </object_component>
      <object_component id="oc-1d1">
         <name>.debug_line</name>
         <load_address>0x1cba</load_address>
         <run_address>0x1cba</run_address>
         <size>0x9a</size>
         <input_file_ref idref="fl-c9"/>
      </object_component>
      <object_component id="oc-1c2">
         <name>.debug_line</name>
         <load_address>0x1d54</load_address>
         <run_address>0x1d54</run_address>
         <size>0x97</size>
         <input_file_ref idref="fl-c9"/>
      </object_component>
      <object_component id="oc-1c7">
         <name>.debug_line</name>
         <load_address>0x1deb</load_address>
         <run_address>0x1deb</run_address>
         <size>0x93</size>
         <input_file_ref idref="fl-c9"/>
      </object_component>
      <object_component id="oc-a6">
         <name>.debug_line</name>
         <load_address>0x1e7e</load_address>
         <run_address>0x1e7e</run_address>
         <size>0x40</size>
         <input_file_ref idref="fl-ca"/>
      </object_component>
      <object_component id="oc-114">
         <name>.debug_line</name>
         <load_address>0x1ebe</load_address>
         <run_address>0x1ebe</run_address>
         <size>0x3c</size>
         <input_file_ref idref="fl-cc"/>
      </object_component>
      <object_component id="oc-84">
         <name>.debug_frame</name>
         <load_address>0x0</load_address>
         <run_address>0x0</run_address>
         <size>0x8c</size>
         <input_file_ref idref="fl-1"/>
      </object_component>
      <object_component id="oc-ca">
         <name>.debug_frame</name>
         <load_address>0x8c</load_address>
         <run_address>0x8c</run_address>
         <size>0xb0</size>
         <input_file_ref idref="fl-2"/>
      </object_component>
      <object_component id="oc-d0">
         <name>.debug_frame</name>
         <load_address>0x13c</load_address>
         <run_address>0x13c</run_address>
         <size>0xdc</size>
         <input_file_ref idref="fl-3"/>
      </object_component>
      <object_component id="oc-d9">
         <name>.debug_frame</name>
         <load_address>0x218</load_address>
         <run_address>0x218</run_address>
         <size>0x58</size>
         <input_file_ref idref="fl-4"/>
      </object_component>
      <object_component id="oc-7e">
         <name>.debug_frame</name>
         <load_address>0x270</load_address>
         <run_address>0x270</run_address>
         <size>0x428</size>
         <input_file_ref idref="fl-5"/>
      </object_component>
      <object_component id="oc-78">
         <name>.debug_frame</name>
         <load_address>0x698</load_address>
         <run_address>0x698</run_address>
         <size>0x80</size>
         <input_file_ref idref="fl-6"/>
      </object_component>
      <object_component id="oc-c3">
         <name>.debug_frame</name>
         <load_address>0x718</load_address>
         <run_address>0x718</run_address>
         <size>0x58</size>
         <input_file_ref idref="fl-7"/>
      </object_component>
      <object_component id="oc-72">
         <name>.debug_frame</name>
         <load_address>0x770</load_address>
         <run_address>0x770</run_address>
         <size>0x12c</size>
         <input_file_ref idref="fl-7"/>
      </object_component>
      <object_component id="oc-6c">
         <name>.debug_frame</name>
         <load_address>0x89c</load_address>
         <run_address>0x89c</run_address>
         <size>0x6c</size>
         <input_file_ref idref="fl-8"/>
      </object_component>
      <object_component id="oc-bc">
         <name>.debug_frame</name>
         <load_address>0x908</load_address>
         <run_address>0x908</run_address>
         <size>0x70</size>
         <input_file_ref idref="fl-9"/>
      </object_component>
      <object_component id="oc-45">
         <name>.debug_frame</name>
         <load_address>0x978</load_address>
         <run_address>0x978</run_address>
         <size>0x54</size>
         <input_file_ref idref="fl-c3"/>
      </object_component>
      <object_component id="oc-1f">
         <name>.debug_frame</name>
         <load_address>0x9cc</load_address>
         <run_address>0x9cc</run_address>
         <size>0x54</size>
         <input_file_ref idref="fl-c4"/>
      </object_component>
      <object_component id="oc-1c">
         <name>.debug_frame</name>
         <load_address>0xa20</load_address>
         <run_address>0xa20</run_address>
         <size>0x60</size>
         <input_file_ref idref="fl-c5"/>
      </object_component>
      <object_component id="oc-5a">
         <name>.debug_frame</name>
         <load_address>0xa80</load_address>
         <run_address>0xa80</run_address>
         <size>0x50</size>
         <input_file_ref idref="fl-c6"/>
      </object_component>
      <object_component id="oc-11f">
         <name>.debug_frame</name>
         <load_address>0xad0</load_address>
         <run_address>0xad0</run_address>
         <size>0x5c</size>
         <input_file_ref idref="fl-c9"/>
      </object_component>
      <object_component id="oc-aa">
         <name>.debug_frame</name>
         <load_address>0xb2c</load_address>
         <run_address>0xb2c</run_address>
         <size>0x54</size>
         <input_file_ref idref="fl-ca"/>
      </object_component>
      <object_component id="oc-113">
         <name>.debug_frame</name>
         <load_address>0xb80</load_address>
         <run_address>0xb80</run_address>
         <size>0x54</size>
         <input_file_ref idref="fl-cc"/>
      </object_component>
      <object_component id="oc-17b">
         <name>.debug_abbrev</name>
         <load_address>0x0</load_address>
         <run_address>0x0</run_address>
         <size>0xa0</size>
         <input_file_ref idref="fl-1"/>
      </object_component>
      <object_component id="oc-f9">
         <name>.debug_abbrev</name>
         <load_address>0xa0</load_address>
         <run_address>0xa0</run_address>
         <size>0xb8</size>
         <input_file_ref idref="fl-1"/>
      </object_component>
      <object_component id="oc-160">
         <name>.debug_abbrev</name>
         <load_address>0x158</load_address>
         <run_address>0x158</run_address>
         <size>0xbd</size>
         <input_file_ref idref="fl-1"/>
      </object_component>
      <object_component id="oc-165">
         <name>.debug_abbrev</name>
         <load_address>0x215</load_address>
         <run_address>0x215</run_address>
         <size>0x97</size>
         <input_file_ref idref="fl-1"/>
      </object_component>
      <object_component id="oc-fe">
         <name>.debug_abbrev</name>
         <load_address>0x2ac</load_address>
         <run_address>0x2ac</run_address>
         <size>0x69</size>
         <input_file_ref idref="fl-1"/>
      </object_component>
      <object_component id="oc-34">
         <name>.debug_abbrev</name>
         <load_address>0x315</load_address>
         <run_address>0x315</run_address>
         <size>0x1f</size>
         <input_file_ref idref="fl-1"/>
      </object_component>
      <object_component id="oc-172">
         <name>.debug_abbrev</name>
         <load_address>0x334</load_address>
         <run_address>0x334</run_address>
         <size>0x5c</size>
         <input_file_ref idref="fl-1"/>
      </object_component>
      <object_component id="oc-e3">
         <name>.debug_abbrev</name>
         <load_address>0x390</load_address>
         <run_address>0x390</run_address>
         <size>0x24</size>
         <input_file_ref idref="fl-1"/>
      </object_component>
      <object_component id="oc-19f">
         <name>.debug_abbrev</name>
         <load_address>0x3b4</load_address>
         <run_address>0x3b4</run_address>
         <size>0x29</size>
         <input_file_ref idref="fl-2"/>
      </object_component>
      <object_component id="oc-156">
         <name>.debug_abbrev</name>
         <load_address>0x3dd</load_address>
         <run_address>0x3dd</run_address>
         <size>0xa9</size>
         <input_file_ref idref="fl-2"/>
      </object_component>
      <object_component id="oc-1a3">
         <name>.debug_abbrev</name>
         <load_address>0x486</load_address>
         <run_address>0x486</run_address>
         <size>0x8e</size>
         <input_file_ref idref="fl-3"/>
      </object_component>
      <object_component id="oc-1a1">
         <name>.debug_abbrev</name>
         <load_address>0x514</load_address>
         <run_address>0x514</run_address>
         <size>0x27</size>
         <input_file_ref idref="fl-3"/>
      </object_component>
      <object_component id="oc-15a">
         <name>.debug_abbrev</name>
         <load_address>0x53b</load_address>
         <run_address>0x53b</run_address>
         <size>0xd8</size>
         <input_file_ref idref="fl-3"/>
      </object_component>
      <object_component id="oc-1a7">
         <name>.debug_abbrev</name>
         <load_address>0x613</load_address>
         <run_address>0x613</run_address>
         <size>0xbd</size>
         <input_file_ref idref="fl-3"/>
      </object_component>
      <object_component id="oc-16d">
         <name>.debug_abbrev</name>
         <load_address>0x6d0</load_address>
         <run_address>0x6d0</run_address>
         <size>0x6c</size>
         <input_file_ref idref="fl-4"/>
      </object_component>
      <object_component id="oc-177">
         <name>.debug_abbrev</name>
         <load_address>0x73c</load_address>
         <run_address>0x73c</run_address>
         <size>0x97</size>
         <input_file_ref idref="fl-5"/>
      </object_component>
      <object_component id="oc-179">
         <name>.debug_abbrev</name>
         <load_address>0x7d3</load_address>
         <run_address>0x7d3</run_address>
         <size>0x29</size>
         <input_file_ref idref="fl-5"/>
      </object_component>
      <object_component id="oc-f0">
         <name>.debug_abbrev</name>
         <load_address>0x7fc</load_address>
         <run_address>0x7fc</run_address>
         <size>0xe5</size>
         <input_file_ref idref="fl-5"/>
      </object_component>
      <object_component id="oc-f3">
         <name>.debug_abbrev</name>
         <load_address>0x8e1</load_address>
         <run_address>0x8e1</run_address>
         <size>0x33</size>
         <input_file_ref idref="fl-5"/>
      </object_component>
      <object_component id="oc-175">
         <name>.debug_abbrev</name>
         <load_address>0x914</load_address>
         <run_address>0x914</run_address>
         <size>0x97</size>
         <input_file_ref idref="fl-6"/>
      </object_component>
      <object_component id="oc-e6">
         <name>.debug_abbrev</name>
         <load_address>0x9ab</load_address>
         <run_address>0x9ab</run_address>
         <size>0x6c</size>
         <input_file_ref idref="fl-6"/>
      </object_component>
      <object_component id="oc-15c">
         <name>.debug_abbrev</name>
         <load_address>0xa17</load_address>
         <run_address>0xa17</run_address>
         <size>0x115</size>
         <input_file_ref idref="fl-7"/>
      </object_component>
      <object_component id="oc-16e">
         <name>.debug_abbrev</name>
         <load_address>0xb2c</load_address>
         <run_address>0xb2c</run_address>
         <size>0x29</size>
         <input_file_ref idref="fl-7"/>
      </object_component>
      <object_component id="oc-c1">
         <name>.debug_abbrev</name>
         <load_address>0xb55</load_address>
         <run_address>0xb55</run_address>
         <size>0x6e</size>
         <input_file_ref idref="fl-7"/>
      </object_component>
      <object_component id="oc-e0">
         <name>.debug_abbrev</name>
         <load_address>0xbc3</load_address>
         <run_address>0xbc3</run_address>
         <size>0xa9</size>
         <input_file_ref idref="fl-7"/>
      </object_component>
      <object_component id="oc-16a">
         <name>.debug_abbrev</name>
         <load_address>0xc6c</load_address>
         <run_address>0xc6c</run_address>
         <size>0x4b</size>
         <input_file_ref idref="fl-7"/>
      </object_component>
      <object_component id="oc-fa">
         <name>.debug_abbrev</name>
         <load_address>0xcb7</load_address>
         <run_address>0xcb7</run_address>
         <size>0x7c</size>
         <input_file_ref idref="fl-8"/>
      </object_component>
      <object_component id="oc-85">
         <name>.debug_abbrev</name>
         <load_address>0xd33</load_address>
         <run_address>0xd33</run_address>
         <size>0x29</size>
         <input_file_ref idref="fl-8"/>
      </object_component>
      <object_component id="oc-bd">
         <name>.debug_abbrev</name>
         <load_address>0xd5c</load_address>
         <run_address>0xd5c</run_address>
         <size>0x89</size>
         <input_file_ref idref="fl-8"/>
      </object_component>
      <object_component id="oc-19d">
         <name>.debug_abbrev</name>
         <load_address>0xde5</load_address>
         <run_address>0xde5</run_address>
         <size>0x29</size>
         <input_file_ref idref="fl-9"/>
      </object_component>
      <object_component id="oc-152">
         <name>.debug_abbrev</name>
         <load_address>0xe0e</load_address>
         <run_address>0xe0e</run_address>
         <size>0x8b</size>
         <input_file_ref idref="fl-9"/>
      </object_component>
      <object_component id="oc-10d">
         <name>.debug_abbrev</name>
         <load_address>0xe99</load_address>
         <run_address>0xe99</run_address>
         <size>0x5d</size>
         <input_file_ref idref="fl-c3"/>
      </object_component>
      <object_component id="oc-98">
         <name>.debug_abbrev</name>
         <load_address>0xef6</load_address>
         <run_address>0xef6</run_address>
         <size>0x6f</size>
         <input_file_ref idref="fl-c3"/>
      </object_component>
      <object_component id="oc-9b">
         <name>.debug_abbrev</name>
         <load_address>0xf65</load_address>
         <run_address>0xf65</run_address>
         <size>0x24</size>
         <input_file_ref idref="fl-c3"/>
      </object_component>
      <object_component id="oc-10a">
         <name>.debug_abbrev</name>
         <load_address>0xf89</load_address>
         <run_address>0xf89</run_address>
         <size>0x24</size>
         <input_file_ref idref="fl-c3"/>
      </object_component>
      <object_component id="oc-96">
         <name>.debug_abbrev</name>
         <load_address>0xfad</load_address>
         <run_address>0xfad</run_address>
         <size>0x37</size>
         <input_file_ref idref="fl-c4"/>
      </object_component>
      <object_component id="oc-3c">
         <name>.debug_abbrev</name>
         <load_address>0xfe4</load_address>
         <run_address>0xfe4</run_address>
         <size>0x74</size>
         <input_file_ref idref="fl-c4"/>
      </object_component>
      <object_component id="oc-3f">
         <name>.debug_abbrev</name>
         <load_address>0x1058</load_address>
         <run_address>0x1058</run_address>
         <size>0x24</size>
         <input_file_ref idref="fl-c4"/>
      </object_component>
      <object_component id="oc-93">
         <name>.debug_abbrev</name>
         <load_address>0x107c</load_address>
         <run_address>0x107c</run_address>
         <size>0x24</size>
         <input_file_ref idref="fl-c4"/>
      </object_component>
      <object_component id="oc-106">
         <name>.debug_abbrev</name>
         <load_address>0x10a0</load_address>
         <run_address>0x10a0</run_address>
         <size>0x37</size>
         <input_file_ref idref="fl-c5"/>
      </object_component>
      <object_component id="oc-2c">
         <name>.debug_abbrev</name>
         <load_address>0x10d7</load_address>
         <run_address>0x10d7</run_address>
         <size>0x6f</size>
         <input_file_ref idref="fl-c5"/>
      </object_component>
      <object_component id="oc-2f">
         <name>.debug_abbrev</name>
         <load_address>0x1146</load_address>
         <run_address>0x1146</run_address>
         <size>0x24</size>
         <input_file_ref idref="fl-c5"/>
      </object_component>
      <object_component id="oc-103">
         <name>.debug_abbrev</name>
         <load_address>0x116a</load_address>
         <run_address>0x116a</run_address>
         <size>0x35</size>
         <input_file_ref idref="fl-c5"/>
      </object_component>
      <object_component id="oc-8c">
         <name>.debug_abbrev</name>
         <load_address>0x119f</load_address>
         <run_address>0x119f</run_address>
         <size>0x24</size>
         <input_file_ref idref="fl-c5"/>
      </object_component>
      <object_component id="oc-88">
         <name>.debug_abbrev</name>
         <load_address>0x11c3</load_address>
         <run_address>0x11c3</run_address>
         <size>0x29</size>
         <input_file_ref idref="fl-c6"/>
      </object_component>
      <object_component id="oc-ae">
         <name>.debug_abbrev</name>
         <load_address>0x11ec</load_address>
         <run_address>0x11ec</run_address>
         <size>0x55</size>
         <input_file_ref idref="fl-c6"/>
      </object_component>
      <object_component id="oc-90">
         <name>.debug_abbrev</name>
         <load_address>0x1241</load_address>
         <run_address>0x1241</run_address>
         <size>0x3e</size>
         <input_file_ref idref="fl-c7"/>
      </object_component>
      <object_component id="oc-1b8">
         <name>.debug_abbrev</name>
         <load_address>0x127f</load_address>
         <run_address>0x127f</run_address>
         <size>0xc0</size>
         <input_file_ref idref="fl-c9"/>
      </object_component>
      <object_component id="oc-187">
         <name>.debug_abbrev</name>
         <load_address>0x133f</load_address>
         <run_address>0x133f</run_address>
         <size>0x7e</size>
         <input_file_ref idref="fl-c9"/>
      </object_component>
      <object_component id="oc-1bc">
         <name>.debug_abbrev</name>
         <load_address>0x13bd</load_address>
         <run_address>0x13bd</run_address>
         <size>0x24</size>
         <input_file_ref idref="fl-c9"/>
      </object_component>
      <object_component id="oc-1d0">
         <name>.debug_abbrev</name>
         <load_address>0x13e1</load_address>
         <run_address>0x13e1</run_address>
         <size>0x24</size>
         <input_file_ref idref="fl-c9"/>
      </object_component>
      <object_component id="oc-1c1">
         <name>.debug_abbrev</name>
         <load_address>0x1405</load_address>
         <run_address>0x1405</run_address>
         <size>0x24</size>
         <input_file_ref idref="fl-c9"/>
      </object_component>
      <object_component id="oc-1c6">
         <name>.debug_abbrev</name>
         <load_address>0x1429</load_address>
         <run_address>0x1429</run_address>
         <size>0x4b</size>
         <input_file_ref idref="fl-c9"/>
      </object_component>
      <object_component id="oc-110">
         <name>.debug_abbrev</name>
         <load_address>0x1474</load_address>
         <run_address>0x1474</run_address>
         <size>0x55</size>
         <input_file_ref idref="fl-ca"/>
      </object_component>
      <object_component id="oc-17d">
         <name>.debug_abbrev</name>
         <load_address>0x14c9</load_address>
         <run_address>0x14c9</run_address>
         <size>0x45</size>
         <input_file_ref idref="fl-cc"/>
      </object_component>
      <object_component id="oc-210">
         <name>.debug_abbrev</name>
         <load_address>0x150e</load_address>
         <run_address>0x150e</run_address>
         <size>0xf</size>
      </object_component>
      <object_component id="oc-162">
         <name>.debug_str</name>
         <load_address>0x0</load_address>
         <run_address>0x0</run_address>
         <size>0x15e8</size>
         <input_file_ref idref="fl-1"/>
      </object_component>
      <object_component id="oc-167">
         <name>.debug_str</name>
         <load_address>0x15e8</load_address>
         <run_address>0x15e8</run_address>
         <size>0x4a4</size>
         <input_file_ref idref="fl-1"/>
      </object_component>
      <object_component id="oc-100">
         <name>.debug_str</name>
         <load_address>0x1a8c</load_address>
         <run_address>0x1a8c</run_address>
         <size>0x2cf</size>
         <input_file_ref idref="fl-1"/>
      </object_component>
      <object_component id="oc-36">
         <name>.debug_str</name>
         <load_address>0x1d5b</load_address>
         <run_address>0x1d5b</run_address>
         <size>0xff</size>
         <input_file_ref idref="fl-1"/>
      </object_component>
      <object_component id="oc-174">
         <name>.debug_str</name>
         <load_address>0x1e5a</load_address>
         <run_address>0x1e5a</run_address>
         <size>0x365</size>
         <input_file_ref idref="fl-1"/>
      </object_component>
      <object_component id="oc-e5">
         <name>.debug_str</name>
         <load_address>0x21bf</load_address>
         <run_address>0x21bf</run_address>
         <size>0x167</size>
         <input_file_ref idref="fl-1"/>
      </object_component>
      <object_component id="oc-1a9">
         <name>.debug_str</name>
         <load_address>0x2326</load_address>
         <run_address>0x2326</run_address>
         <size>0x15e9</size>
         <input_file_ref idref="fl-3"/>
      </object_component>
      <object_component id="oc-f5">
         <name>.debug_str</name>
         <load_address>0x390f</load_address>
         <run_address>0x390f</run_address>
         <size>0x246</size>
         <input_file_ref idref="fl-5"/>
      </object_component>
      <object_component id="oc-16c">
         <name>.debug_str</name>
         <load_address>0x3b55</load_address>
         <run_address>0x3b55</run_address>
         <size>0xcf</size>
         <input_file_ref idref="fl-7"/>
      </object_component>
      <object_component id="oc-9d">
         <name>.debug_str</name>
         <load_address>0x3c24</load_address>
         <run_address>0x3c24</run_address>
         <size>0x105</size>
         <input_file_ref idref="fl-c3"/>
      </object_component>
      <object_component id="oc-10c">
         <name>.debug_str</name>
         <load_address>0x3d29</load_address>
         <run_address>0x3d29</run_address>
         <size>0x140</size>
         <input_file_ref idref="fl-c3"/>
      </object_component>
      <object_component id="oc-41">
         <name>.debug_str</name>
         <load_address>0x3e69</load_address>
         <run_address>0x3e69</run_address>
         <size>0x10b</size>
         <input_file_ref idref="fl-c4"/>
      </object_component>
      <object_component id="oc-95">
         <name>.debug_str</name>
         <load_address>0x3f74</load_address>
         <run_address>0x3f74</run_address>
         <size>0x140</size>
         <input_file_ref idref="fl-c4"/>
      </object_component>
      <object_component id="oc-31">
         <name>.debug_str</name>
         <load_address>0x40b4</load_address>
         <run_address>0x40b4</run_address>
         <size>0x118</size>
         <input_file_ref idref="fl-c5"/>
      </object_component>
      <object_component id="oc-105">
         <name>.debug_str</name>
         <load_address>0x41cc</load_address>
         <run_address>0x41cc</run_address>
         <size>0x16b</size>
         <input_file_ref idref="fl-c5"/>
      </object_component>
      <object_component id="oc-8e">
         <name>.debug_str</name>
         <load_address>0x4337</load_address>
         <run_address>0x4337</run_address>
         <size>0x158</size>
         <input_file_ref idref="fl-c5"/>
      </object_component>
      <object_component id="oc-1be">
         <name>.debug_str</name>
         <load_address>0x448f</load_address>
         <run_address>0x448f</run_address>
         <size>0xed</size>
         <input_file_ref idref="fl-c9"/>
      </object_component>
      <object_component id="oc-1d2">
         <name>.debug_str</name>
         <load_address>0x457c</load_address>
         <run_address>0x457c</run_address>
         <size>0x157</size>
         <input_file_ref idref="fl-c9"/>
      </object_component>
      <object_component id="oc-1c3">
         <name>.debug_str</name>
         <load_address>0x46d3</load_address>
         <run_address>0x46d3</run_address>
         <size>0x150</size>
         <input_file_ref idref="fl-c9"/>
      </object_component>
      <object_component id="oc-1c8">
         <name>.debug_str</name>
         <load_address>0x4823</load_address>
         <run_address>0x4823</run_address>
         <size>0x197</size>
         <input_file_ref idref="fl-c9"/>
      </object_component>
      <object_component id="oc-81">
         <name>.debug_aranges</name>
         <load_address>0x0</load_address>
         <run_address>0x0</run_address>
         <size>0x30</size>
         <input_file_ref idref="fl-1"/>
      </object_component>
      <object_component id="oc-c7">
         <name>.debug_aranges</name>
         <load_address>0x30</load_address>
         <run_address>0x30</run_address>
         <size>0x40</size>
         <input_file_ref idref="fl-2"/>
      </object_component>
      <object_component id="oc-cd">
         <name>.debug_aranges</name>
         <load_address>0x70</load_address>
         <run_address>0x70</run_address>
         <size>0x48</size>
         <input_file_ref idref="fl-3"/>
      </object_component>
      <object_component id="oc-d6">
         <name>.debug_aranges</name>
         <load_address>0xb8</load_address>
         <run_address>0xb8</run_address>
         <size>0x20</size>
         <input_file_ref idref="fl-4"/>
      </object_component>
      <object_component id="oc-7b">
         <name>.debug_aranges</name>
         <load_address>0xd8</load_address>
         <run_address>0xd8</run_address>
         <size>0x198</size>
         <input_file_ref idref="fl-5"/>
      </object_component>
      <object_component id="oc-75">
         <name>.debug_aranges</name>
         <load_address>0x270</load_address>
         <run_address>0x270</run_address>
         <size>0x30</size>
         <input_file_ref idref="fl-6"/>
      </object_component>
      <object_component id="oc-c0">
         <name>.debug_aranges</name>
         <load_address>0x2a0</load_address>
         <run_address>0x2a0</run_address>
         <size>0x20</size>
         <input_file_ref idref="fl-7"/>
      </object_component>
      <object_component id="oc-6f">
         <name>.debug_aranges</name>
         <load_address>0x2c0</load_address>
         <run_address>0x2c0</run_address>
         <size>0x68</size>
         <input_file_ref idref="fl-7"/>
      </object_component>
      <object_component id="oc-69">
         <name>.debug_aranges</name>
         <load_address>0x328</load_address>
         <run_address>0x328</run_address>
         <size>0x28</size>
         <input_file_ref idref="fl-8"/>
      </object_component>
      <object_component id="oc-b9">
         <name>.debug_aranges</name>
         <load_address>0x350</load_address>
         <run_address>0x350</run_address>
         <size>0x28</size>
         <input_file_ref idref="fl-9"/>
      </object_component>
      <object_component id="oc-44">
         <name>.debug_aranges</name>
         <load_address>0x378</load_address>
         <run_address>0x378</run_address>
         <size>0x20</size>
         <input_file_ref idref="fl-c3"/>
      </object_component>
      <object_component id="oc-1e">
         <name>.debug_aranges</name>
         <load_address>0x398</load_address>
         <run_address>0x398</run_address>
         <size>0x20</size>
         <input_file_ref idref="fl-c4"/>
      </object_component>
      <object_component id="oc-1a">
         <name>.debug_aranges</name>
         <load_address>0x3b8</load_address>
         <run_address>0x3b8</run_address>
         <size>0x20</size>
         <input_file_ref idref="fl-c5"/>
      </object_component>
      <object_component id="oc-57">
         <name>.debug_aranges</name>
         <load_address>0x3d8</load_address>
         <run_address>0x3d8</run_address>
         <size>0x20</size>
         <input_file_ref idref="fl-c6"/>
      </object_component>
      <object_component id="oc-3a">
         <name>.debug_aranges</name>
         <load_address>0x3f8</load_address>
         <run_address>0x3f8</run_address>
         <size>0x20</size>
         <input_file_ref idref="fl-c7"/>
      </object_component>
      <object_component id="oc-120">
         <name>.debug_aranges</name>
         <load_address>0x418</load_address>
         <run_address>0x418</run_address>
         <size>0x20</size>
         <input_file_ref idref="fl-c9"/>
      </object_component>
      <object_component id="oc-a9">
         <name>.debug_aranges</name>
         <load_address>0x438</load_address>
         <run_address>0x438</run_address>
         <size>0x20</size>
         <input_file_ref idref="fl-ca"/>
      </object_component>
      <object_component id="oc-112">
         <name>.debug_aranges</name>
         <load_address>0x458</load_address>
         <run_address>0x458</run_address>
         <size>0x20</size>
         <input_file_ref idref="fl-cc"/>
      </object_component>
      <object_component id="oc-f8">
         <name>.debug_pubnames</name>
         <load_address>0x0</load_address>
         <run_address>0x0</run_address>
         <size>0x20</size>
         <input_file_ref idref="fl-1"/>
      </object_component>
      <object_component id="oc-82">
         <name>.debug_pubnames</name>
         <load_address>0x20</load_address>
         <run_address>0x20</run_address>
         <size>0x46</size>
         <input_file_ref idref="fl-1"/>
      </object_component>
      <object_component id="oc-155">
         <name>.debug_pubnames</name>
         <load_address>0x66</load_address>
         <run_address>0x66</run_address>
         <size>0x67</size>
         <input_file_ref idref="fl-2"/>
      </object_component>
      <object_component id="oc-c8">
         <name>.debug_pubnames</name>
         <load_address>0xcd</load_address>
         <run_address>0xcd</run_address>
         <size>0x68</size>
         <input_file_ref idref="fl-2"/>
      </object_component>
      <object_component id="oc-159">
         <name>.debug_pubnames</name>
         <load_address>0x135</load_address>
         <run_address>0x135</run_address>
         <size>0x1e</size>
         <input_file_ref idref="fl-3"/>
      </object_component>
      <object_component id="oc-ce">
         <name>.debug_pubnames</name>
         <load_address>0x153</load_address>
         <run_address>0x153</run_address>
         <size>0x96</size>
         <input_file_ref idref="fl-3"/>
      </object_component>
      <object_component id="oc-d7">
         <name>.debug_pubnames</name>
         <load_address>0x1e9</load_address>
         <run_address>0x1e9</run_address>
         <size>0x23</size>
         <input_file_ref idref="fl-4"/>
      </object_component>
      <object_component id="oc-eb">
         <name>.debug_pubnames</name>
         <load_address>0x20c</load_address>
         <run_address>0x20c</run_address>
         <size>0x32</size>
         <input_file_ref idref="fl-5"/>
      </object_component>
      <object_component id="oc-ee">
         <name>.debug_pubnames</name>
         <load_address>0x23e</load_address>
         <run_address>0x23e</run_address>
         <size>0x63</size>
         <input_file_ref idref="fl-5"/>
      </object_component>
      <object_component id="oc-7c">
         <name>.debug_pubnames</name>
         <load_address>0x2a1</load_address>
         <run_address>0x2a1</run_address>
         <size>0x3a7</size>
         <input_file_ref idref="fl-5"/>
      </object_component>
      <object_component id="oc-e8">
         <name>.debug_pubnames</name>
         <load_address>0x648</load_address>
         <run_address>0x648</run_address>
         <size>0x22</size>
         <input_file_ref idref="fl-6"/>
      </object_component>
      <object_component id="oc-76">
         <name>.debug_pubnames</name>
         <load_address>0x66a</load_address>
         <run_address>0x66a</run_address>
         <size>0x49</size>
         <input_file_ref idref="fl-6"/>
      </object_component>
      <object_component id="oc-d3">
         <name>.debug_pubnames</name>
         <load_address>0x6b3</load_address>
         <run_address>0x6b3</run_address>
         <size>0x66</size>
         <input_file_ref idref="fl-7"/>
      </object_component>
      <object_component id="oc-df">
         <name>.debug_pubnames</name>
         <load_address>0x719</load_address>
         <run_address>0x719</run_address>
         <size>0x1a</size>
         <input_file_ref idref="fl-7"/>
      </object_component>
      <object_component id="oc-c4">
         <name>.debug_pubnames</name>
         <load_address>0x733</load_address>
         <run_address>0x733</run_address>
         <size>0x26</size>
         <input_file_ref idref="fl-7"/>
      </object_component>
      <object_component id="oc-70">
         <name>.debug_pubnames</name>
         <load_address>0x759</load_address>
         <run_address>0x759</run_address>
         <size>0xcc</size>
         <input_file_ref idref="fl-7"/>
      </object_component>
      <object_component id="oc-28">
         <name>.debug_pubnames</name>
         <load_address>0x825</load_address>
         <run_address>0x825</run_address>
         <size>0x27</size>
         <input_file_ref idref="fl-8"/>
      </object_component>
      <object_component id="oc-6a">
         <name>.debug_pubnames</name>
         <load_address>0x84c</load_address>
         <run_address>0x84c</run_address>
         <size>0x38</size>
         <input_file_ref idref="fl-8"/>
      </object_component>
      <object_component id="oc-151">
         <name>.debug_pubnames</name>
         <load_address>0x884</load_address>
         <run_address>0x884</run_address>
         <size>0x26</size>
         <input_file_ref idref="fl-9"/>
      </object_component>
      <object_component id="oc-ba">
         <name>.debug_pubnames</name>
         <load_address>0x8aa</load_address>
         <run_address>0x8aa</run_address>
         <size>0x3b</size>
         <input_file_ref idref="fl-9"/>
      </object_component>
      <object_component id="oc-48">
         <name>.debug_pubnames</name>
         <load_address>0x8e5</load_address>
         <run_address>0x8e5</run_address>
         <size>0x2e</size>
         <input_file_ref idref="fl-c3"/>
      </object_component>
      <object_component id="oc-22">
         <name>.debug_pubnames</name>
         <load_address>0x913</load_address>
         <run_address>0x913</run_address>
         <size>0x2b</size>
         <input_file_ref idref="fl-c4"/>
      </object_component>
      <object_component id="oc-1b">
         <name>.debug_pubnames</name>
         <load_address>0x93e</load_address>
         <run_address>0x93e</run_address>
         <size>0x2b</size>
         <input_file_ref idref="fl-c5"/>
      </object_component>
      <object_component id="oc-2b">
         <name>.debug_pubnames</name>
         <load_address>0x969</load_address>
         <run_address>0x969</run_address>
         <size>0x1e</size>
         <input_file_ref idref="fl-c6"/>
      </object_component>
      <object_component id="oc-58">
         <name>.debug_pubnames</name>
         <load_address>0x987</load_address>
         <run_address>0x987</run_address>
         <size>0x26</size>
         <input_file_ref idref="fl-c6"/>
      </object_component>
      <object_component id="oc-39">
         <name>.debug_pubnames</name>
         <load_address>0x9ad</load_address>
         <run_address>0x9ad</run_address>
         <size>0x1d</size>
         <input_file_ref idref="fl-c7"/>
      </object_component>
      <object_component id="oc-122">
         <name>.debug_pubnames</name>
         <load_address>0x9ca</load_address>
         <run_address>0x9ca</run_address>
         <size>0x35</size>
         <input_file_ref idref="fl-c9"/>
      </object_component>
      <object_component id="oc-a8">
         <name>.debug_pubnames</name>
         <load_address>0x9ff</load_address>
         <run_address>0x9ff</run_address>
         <size>0x27</size>
         <input_file_ref idref="fl-ca"/>
      </object_component>
      <object_component id="oc-116">
         <name>.debug_pubnames</name>
         <load_address>0xa26</load_address>
         <run_address>0xa26</run_address>
         <size>0x1c</size>
         <input_file_ref idref="fl-cc"/>
      </object_component>
      <object_component id="oc-15f">
         <name>.debug_pubtypes</name>
         <load_address>0x0</load_address>
         <run_address>0x0</run_address>
         <size>0x2ce</size>
         <input_file_ref idref="fl-1"/>
      </object_component>
      <object_component id="oc-164">
         <name>.debug_pubtypes</name>
         <load_address>0x2ce</load_address>
         <run_address>0x2ce</run_address>
         <size>0xdd</size>
         <input_file_ref idref="fl-1"/>
      </object_component>
      <object_component id="oc-fd">
         <name>.debug_pubtypes</name>
         <load_address>0x3ab</load_address>
         <run_address>0x3ab</run_address>
         <size>0x25c</size>
         <input_file_ref idref="fl-1"/>
      </object_component>
      <object_component id="oc-33">
         <name>.debug_pubtypes</name>
         <load_address>0x607</load_address>
         <run_address>0x607</run_address>
         <size>0xed</size>
         <input_file_ref idref="fl-1"/>
      </object_component>
      <object_component id="oc-171">
         <name>.debug_pubtypes</name>
         <load_address>0x6f4</load_address>
         <run_address>0x6f4</run_address>
         <size>0x330</size>
         <input_file_ref idref="fl-1"/>
      </object_component>
      <object_component id="oc-e2">
         <name>.debug_pubtypes</name>
         <load_address>0xa24</load_address>
         <run_address>0xa24</run_address>
         <size>0xaa</size>
         <input_file_ref idref="fl-1"/>
      </object_component>
      <object_component id="oc-1a6">
         <name>.debug_pubtypes</name>
         <load_address>0xace</load_address>
         <run_address>0xace</run_address>
         <size>0x2ce</size>
         <input_file_ref idref="fl-3"/>
      </object_component>
      <object_component id="oc-f2">
         <name>.debug_pubtypes</name>
         <load_address>0xd9c</load_address>
         <run_address>0xd9c</run_address>
         <size>0x20</size>
         <input_file_ref idref="fl-5"/>
      </object_component>
      <object_component id="oc-169">
[...]
         <value>0x2000002c</value>
      </symbol>
      <symbol id="sm-1b7">
         <name>TExaS_Clear5</name>
         <value>0x4bf</value>
         <object_component_ref idref="oc-79"/>
      </symbol>
      <symbol id="sm-1b8">
         <name>TExaS_Clear4</name>
         <value>0x4bd</value>
         <object_component_ref idref="oc-79"/>
      </symbol>
      <symbol id="sm-1b9">
         <name>TExaS_Clear6</name>
         <value>0x4cb</value>
         <object_component_ref idref="oc-79"/>
      </symbol>
      <symbol id="sm-1ba">
         <name>TExaS_Clear1</name>
         <value>0x491</value>
         <object_component_ref idref="oc-79"/>
      </symbol>
      <symbol id="sm-1bb">
         <name>TExaS_Clear0</name>
         <value>0x485</value>
         <object_component_ref idref="oc-79"/>
      </symbol>
      <symbol id="sm-1bc">
         <name>TExaS_Clear3</name>
         <value>0x4b1</value>
         <object_component_ref idref="oc-79"/>
      </symbol>
      <symbol id="sm-1bd">
         <name>TExaS_Clear2</name>
         <value>0x4a5</value>
         <object_component_ref idref="oc-79"/>
      </symbol>
      <symbol id="sm-1be">
         <name>TExaS_Stop</name>
         <value>0x741</value>
         <object_component_ref idref="oc-79"/>
      </symbol>
      <symbol id="sm-1bf">
         <name>TExaS_ScopeErrConflict</name>
         <value>0x2000001c</value>
         <object_component_ref idref="oc-ec"/>
      </symbol>
      <symbol id="sm-1c0">
         <name>ADC_Init</name>
         <value>0x4f1</value>
         <object_component_ref idref="oc-79"/>
      </symbol>
      <symbol id="sm-1c1">
         <name>LogicAnalyzer_P4_765432</name>
         <value>0x137</value>
         <object_component_ref idref="oc-79"/>
      </symbol>
      <symbol id="sm-1c2">
         <name>LogicAnalyzer_P27_P26_P82_P92_P104_P105</name>
         <value>0x1d3</value>
         <object_component_ref idref="oc-79"/>
      </symbol>
      <symbol id="sm-1c3">
         <name>PeriodicTask2_Init</name>
         <value>0x2b9</value>
         <object_component_ref idref="oc-79"/>
      </symbol>
      <symbol id="sm-1c4">
         <name>LogicAnalyzer_P55_P54_P27_P26_P37_P36</name>
         <value>0x20b</value>
         <object_component_ref idref="oc-79"/>
      </symbol>
      <symbol id="sm-1c5">
         <name>LogicAnalyzer_P1</name>
         <value>0xef</value>
         <object_component_ref idref="oc-79"/>
      </symbol>
      <symbol id="sm-1c6">
         <name>LogicAnalyzer_P3</name>
         <value>0x11b</value>
         <object_component_ref idref="oc-79"/>
      </symbol>
      <symbol id="sm-1c7">
         <name>LogicAnalyzer_P2</name>
         <value>0xfd</value>
         <object_component_ref idref="oc-79"/>
      </symbol>
      <symbol id="sm-1c8">
         <name>LogicAnalyzer_P5</name>
         <value>0x17f</value>
         <object_component_ref idref="oc-79"/>
      </symbol>
      <symbol id="sm-1c9">
         <name>LogicAnalyzer_P4</name>
         <value>0x129</value>
         <object_component_ref idref="oc-79"/>
      </symbol>
      <symbol id="sm-1ca">
         <name>LogicAnalyzer_P7</name>
         <value>0x19b</value>
         <object_component_ref idref="oc-79"/>
      </symbol>
      <symbol id="sm-1cb">
         <name>LogicAnalyzer_P6</name>
         <value>0x18d</value>
         <object_component_ref idref="oc-79"/>
      </symbol>
      <symbol id="sm-1cc">
         <name>LogicAnalyzer_P9</name>
         <value>0x1b7</value>
         <object_component_ref idref="oc-79"/>
      </symbol>
      <symbol id="sm-1cd">
         <name>LogicAnalyzer_P8</name>
         <value>0x1a9</value>
         <object_component_ref idref="oc-79"/>
      </symbol>
      <symbol id="sm-1ce">
         <name>TExaS_ScopeWrnReconfig</name>
         <value>0x20000020</value>
         <object_component_ref idref="oc-ec"/>
      </symbol>
      <symbol id="sm-1cf">
         <name>TExaS_Task0</name>
         <value>0x3c9</value>
         <object_component_ref idref="oc-79"/>
      </symbol>
      <symbol id="sm-1d0">
         <name>TExaS_Task1</name>
         <value>0x3d5</value>
         <object_component_ref idref="oc-79"/>
      </symbol>
      <symbol id="sm-1d1">
         <name>TExaS_Task2</name>
         <value>0x3e1</value>
         <object_component_ref idref="oc-79"/>
      </symbol>
      <symbol id="sm-1d2">
         <name>TExaS_Task3</name>
         <value>0x3ed</value>
         <object_component_ref idref="oc-79"/>
      </symbol>
      <symbol id="sm-1d3">
         <name>TExaS_Task4</name>
         <value>0x3f9</value>
         <object_component_ref idref="oc-79"/>
      </symbol>
      <symbol id="sm-1d4">
         <name>TExaS_Task5</name>
         <value>0x3fb</value>
         <object_component_ref idref="oc-79"/>
      </symbol>
      <symbol id="sm-1d5">
         <name>TExaS_Task6</name>
         <value>0x407</value>
         <object_component_ref idref="oc-79"/>
      </symbol>
      <symbol id="sm-1d6">
         <name>Scope</name>
         <value>0x235</value>
         <object_component_ref idref="oc-79"/>
      </symbol>
      <symbol id="sm-1d7">
         <name>TExaS_Set0</name>
         <value>0x42b</value>
         <object_component_ref idref="oc-79"/>
      </symbol>
      <symbol id="sm-1d8">
         <name>TExaS_Set1</name>
         <value>0x437</value>
         <object_component_ref idref="oc-79"/>
      </symbol>
      <symbol id="sm-1d9">
         <name>TExaS_Set2</name>
         <value>0x443</value>
         <object_component_ref idref="oc-79"/>
      </symbol>
      <symbol id="sm-1da">
         <name>TExaS_Set3</name>
         <value>0x44f</value>
         <object_component_ref idref="oc-79"/>
      </symbol>
      <symbol id="sm-1db">
         <name>TExaS_Set4</name>
         <value>0x45b</value>
         <object_component_ref idref="oc-79"/>
      </symbol>
      <symbol id="sm-1dc">
         <name>TExaS_Set5</name>
         <value>0x45d</value>
         <object_component_ref idref="oc-79"/>
      </symbol>
      <symbol id="sm-1dd">
         <name>TExaS_Set6</name>
         <value>0x475</value>
         <object_component_ref idref="oc-79"/>
      </symbol>
      <symbol id="sm-1de">
         <name>TExaS_ScopeErrLostData</name>
         <value>0x20000018</value>
         <object_component_ref idref="oc-ec"/>
      </symbol>
      <symbol id="sm-1df">
         <name>PeriodicTask2_Stop</name>
         <value>0x333</value>
         <object_component_ref idref="oc-79"/>
      </symbol>
      <symbol id="sm-1e0">
         <name>LogicAnalyzer_P10</name>
         <value>0x1c5</value>
         <object_component_ref idref="oc-79"/>
      </symbol>
      <symbol id="sm-1e1">
         <name>TExaS_Init</name>
         <value>0x5b5</value>
         <object_component_ref idref="oc-79"/>
      </symbol>
      <symbol id="sm-1e2">
         <name>UART_InChar</name>
         <value>0x39d</value>
         <object_component_ref idref="oc-79"/>
      </symbol>
      <symbol id="sm-1e3">
         <name>LogicAnalyzer</name>
         <value>0xe5</value>
         <object_component_ref idref="oc-79"/>
      </symbol>
      <symbol id="sm-1e4">
         <name>LogicAnalyzer_P4_765320</name>
         <value>0x147</value>
         <object_component_ref idref="oc-79"/>
      </symbol>
      <symbol id="sm-1e5">
         <name>T32_INT1_IRQHandler</name>
         <value>0x323</value>
         <object_component_ref idref="oc-79"/>
      </symbol>
      <symbol id="sm-1e6">
         <name>UART_Init</name>
         <value>0x343</value>
         <object_component_ref idref="oc-79"/>
      </symbol>
      <symbol id="sm-1e7">
         <name>LogicAnalyzer_P2_7654</name>
         <value>0x10b</value>
         <object_component_ref idref="oc-79"/>
      </symbol>
      <symbol id="sm-1e8">
         <name>UART_OutChar</name>
         <value>0x3ad</value>
         <object_component_ref idref="oc-79"/>
      </symbol>
      <symbol id="sm-1e9">
         <name>TExaS_Set</name>
         <value>0x413</value>
         <object_component_ref idref="oc-79"/>
      </symbol>
      <symbol id="sm-1f9">
         <name>TimerA1_Init</name>
         <value>0x17c7</value>
         <object_component_ref idref="oc-73"/>
      </symbol>
      <symbol id="sm-1fa">
         <name>TA1_0_IRQHandler</name>
         <value>0x17d7</value>
         <object_component_ref idref="oc-73"/>
      </symbol>
      <symbol id="sm-1fb">
         <name>TimerA1_Stop</name>
         <value>0x17d5</value>
         <object_component_ref idref="oc-73"/>
      </symbol>
      <symbol id="sm-26d">
         <name>sensor_value</name>
         <value>0x2000003a</value>
      </symbol>
      <symbol id="sm-26e">
         <name>interrupt_count</name>
         <value>0x20000039</value>
      </symbol>
      <symbol id="sm-26f">
         <name>reflectance_value</name>
         <value>0x20000030</value>
      </symbol>
      <symbol id="sm-270">
         <name>state</name>
         <value>0x20000034</value>
      </symbol>
      <symbol id="sm-271">
         <name>SysTick_Handler</name>
         <value>0x92f</value>
         <object_component_ref idref="oc-6d"/>
      </symbol>
      <symbol id="sm-272">
         <name>ConfigureUnusedPins</name>
         <value>0x8b5</value>
         <object_component_ref idref="oc-6d"/>
      </symbol>
      <symbol id="sm-273">
         <name>Motor_Stop_2</name>
         <value>0x89f</value>
         <object_component_ref idref="oc-6d"/>
      </symbol>
      <symbol id="sm-274">
         <name>BumpTask</name>
         <value>0x96f</value>
         <object_component_ref idref="oc-6d"/>
      </symbol>
      <symbol id="sm-275">
         <name>Motor_Backward_2</name>
         <value>0x86b</value>
         <object_component_ref idref="oc-6d"/>
      </symbol>
      <symbol id="sm-276">
         <name>fsm</name>
         <value>0x17fc</value>
         <object_component_ref idref="oc-dd"/>
      </symbol>
      <symbol id="sm-277">
         <name>PercentageToCCR</name>
         <value>0x177d</value>
         <object_component_ref idref="oc-be"/>
      </symbol>
      <symbol id="sm-278">
         <name>main</name>
         <value>0xab1</value>
         <object_component_ref idref="oc-6d"/>
      </symbol>
      <symbol id="sm-279">
         <name>PWM_SetDutyPercentage</name>
         <value>0x807</value>
         <object_component_ref idref="oc-6d"/>
      </symbol>
      <symbol id="sm-27a">
         <name>PWM_Init</name>
         <value>0x7ad</value>
         <object_component_ref idref="oc-6d"/>
      </symbol>
      <symbol id="sm-27b">
         <name>Motor_Control_Init</name>
         <value>0x82b</value>
         <object_component_ref idref="oc-6d"/>
      </symbol>
      <symbol id="sm-27c">
         <name>Motor_Forward_2</name>
         <value>0x841</value>
         <object_component_ref idref="oc-6d"/>
      </symbol>
      <symbol id="sm-291">
         <name>Reset_Handler</name>
         <value>0x17e7</value>
         <object_component_ref idref="oc-67"/>
      </symbol>
      <symbol id="sm-292">
         <name>Default_Handler</name>
         <value>0x17f3</value>
         <object_component_ref idref="oc-67"/>
      </symbol>
      <symbol id="sm-293">
         <name>interruptVectors</name>
         <value>0x0</value>
         <object_component_ref idref="oc-26"/>
      </symbol>
      <symbol id="sm-2db">
         <name>SystemInit</name>
         <value>0xf49</value>
         <object_component_ref idref="oc-b7"/>
      </symbol>
      <symbol id="sm-2dc">
         <name>SystemCoreClockUpdate</name>
         <value>0xcd1</value>
         <object_component_ref idref="oc-b7"/>
      </symbol>
      <symbol id="sm-2dd">
         <name>SystemCoreClock</name>
         <value>0x20000024</value>
         <object_component_ref idref="oc-14f"/>
      </symbol>
      <symbol id="sm-2f6">
         <name>__TI_zero_init_nomemset</name>
         <value>0x17ab</value>
         <object_component_ref idref="oc-43"/>
      </symbol>
      <symbol id="sm-30d">
         <name>__TI_decompress_none</name>
         <value>0x17d9</value>
         <object_component_ref idref="oc-1d"/>
      </symbol>
      <symbol id="sm-330">
         <name>__TI_decompress_lzss</name>
         <value>0x165d</value>
         <object_component_ref idref="oc-17"/>
      </symbol>
      <symbol id="sm-343">
         <name>__stack</name>
         <value>0x2000fe00</value>
         <object_component_ref idref="oc-29"/>
      </symbol>
      <symbol id="sm-344">
         <name>_c_int00_noargs</name>
         <value>0x1749</value>
         <object_component_ref idref="oc-55"/>
      </symbol>
      <symbol id="sm-35f">
         <name>memcpy</name>
         <value>0x15c1</value>
         <object_component_ref idref="oc-37"/>
      </symbol>
      <symbol id="sm-360">
         <name>__aeabi_memcpy</name>
         <value>0x15c1</value>
         <object_component_ref idref="oc-37"/>
      </symbol>
      <symbol id="sm-361">
         <name>__aeabi_memcpy8</name>
         <value>0x15c1</value>
         <object_component_ref idref="oc-37"/>
      </symbol>
      <symbol id="sm-362">
         <name>__aeabi_memcpy4</name>
         <value>0x15c1</value>
         <object_component_ref idref="oc-37"/>
      </symbol>
      <symbol id="sm-38b">
         <name>__TI_auto_init_nobinit_nopinit</name>
         <value>0x16c5</value>
         <object_component_ref idref="oc-11d"/>
      </symbol>
      <symbol id="sm-395">
         <name>_system_pre_init</name>
         <value>0x17f5</value>
         <object_component_ref idref="oc-a5"/>
      </symbol>
      <symbol id="sm-3a1">
         <name>C$$EXIT</name>
         <value>0x17f9</value>
         <object_component_ref idref="oc-111"/>
      </symbol>
      <symbol id="sm-3a2">
         <name>abort</name>
         <value>0x17f9</value>
         <object_component_ref idref="oc-111"/>
      </symbol>
      <symbol id="sm-3a5">
         <name>__TI_static_base__</name>
         <value>0x0</value>
      </symbol>
      <symbol id="sm-3a8">
         <name>__mpu_init</name>
         <value>0x0</value>
      </symbol>
      <symbol id="sm-3a9">
         <name>_system_post_cinit</name>
         <value>0x0</value>
      </symbol>
      <symbol id="sm-3aa">
         <name>NMI_Handler</name>
         <value>0x17f3</value>
      </symbol>
      <symbol id="sm-3ab">
         <name>HardFault_Handler</name>
         <value>0x17f3</value>
      </symbol>
      <symbol id="sm-3ac">
         <name>MemManage_Handler</name>
         <value>0x17f3</value>
      </symbol>
      <symbol id="sm-3ad">
         <name>BusFault_Handler</name>
         <value>0x17f3</value>
      </symbol>
      <symbol id="sm-3ae">
         <name>UsageFault_Handler</name>
         <value>0x17f3</value>
      </symbol>
      <symbol id="sm-3af">
         <name>SVC_Handler</name>
         <value>0x17f3</value>
      </symbol>
      <symbol id="sm-3b0">
         <name>DebugMon_Handler</name>
         <value>0x17f3</value>
      </symbol>
      <symbol id="sm-3b1">
         <name>PendSV_Handler</name>
         <value>0x17f3</value>
      </symbol>
      <symbol id="sm-3b2">
         <name>SysTick_Handler</name>
         <value>0x92f</value>
      </symbol>
      <symbol id="sm-3b3">
         <name>PSS_IRQHandler</name>
         <value>0x17f3</value>
      </symbol>
      <symbol id="sm-3b4">
         <name>CS_IRQHandler</name>
         <value>0x17f3</value>
      </symbol>
      <symbol id="sm-3b5">
         <name>PCM_IRQHandler</name>
         <value>0x17f3</value>
      </symbol>
      <symbol id="sm-3b6">
         <name>WDT_A_IRQHandler</name>
         <value>0x17f3</value>
      </symbol>
      <symbol id="sm-3b7">
         <name>FPU_IRQHandler</name>
         <value>0x17f3</value>
      </symbol>
      <symbol id="sm-3b8">
         <name>FLCTL_IRQHandler</name>
         <value>0x17f3</value>
      </symbol>
      <symbol id="sm-3b9">
         <name>COMP_E0_IRQHandler</name>
         <value>0x17f3</value>
      </symbol>
      <symbol id="sm-3ba">
         <name>COMP_E1_IRQHandler</name>
         <value>0x17f3</value>
      </symbol>
      <symbol id="sm-3bb">
         <name>TA0_0_IRQHandler</name>
         <value>0x17f3</value>
      </symbol>
      <symbol id="sm-3bc">
         <name>TA0_N_IRQHandler</name>
         <value>0x17f3</value>
      </symbol>
      <symbol id="sm-3bd">
         <name>TA1_0_IRQHandler</name>
         <value>0x17d7</value>
      </symbol>
      <symbol id="sm-3be">
         <name>TA1_N_IRQHandler</name>
         <value>0x17f3</value>
      </symbol>
      <symbol id="sm-3bf">
         <name>TA2_0_IRQHandler</name>
         <value>0x17f3</value>
      </symbol>
      <symbol id="sm-3c0">
         <name>TA2_N_IRQHandler</name>
         <value>0x17f3</value>
      </symbol>
      <symbol id="sm-3c1">
         <name>TA3_0_IRQHandler</name>
         <value>0x17f3</value>
      </symbol>
      <symbol id="sm-3c2">
         <name>TA3_N_IRQHandler</name>
         <value>0x17f3</value>
      </symbol>
      <symbol id="sm-3c3">
         <name>EUSCIA0_IRQHandler</name>
         <value>0x17f3</value>
      </symbol>
      <symbol id="sm-3c4">
         <name>EUSCIA1_IRQHandler</name>
         <value>0x17f3</value>
      </symbol>
      <symbol id="sm-3c5">
         <name>EUSCIA2_IRQHandler</name>
         <value>0x17f3</value>
      </symbol>
      <symbol id="sm-3c6">
         <name>EUSCIA3_IRQHandler</name>
         <value>0x17f3</value>
      </symbol>
      <symbol id="sm-3c7">
         <name>EUSCIB0_IRQHandler</name>
         <value>0x17f3</value>
      </symbol>
      <symbol id="sm-3c8">
         <name>EUSCIB1_IRQHandler</name>
         <value>0x17f3</value>
      </symbol>
      <symbol id="sm-3c9">
         <name>EUSCIB2_IRQHandler</name>
         <value>0x17f3</value>
      </symbol>
      <symbol id="sm-3ca">
         <name>EUSCIB3_IRQHandler</name>
         <value>0x17f3</value>
      </symbol>
      <symbol id="sm-3cb">
         <name>ADC14_IRQHandler</name>
         <value>0x17f3</value>
      </symbol>
      <symbol id="sm-3cc">
         <name>T32_INT1_IRQHandler</name>
         <value>0x323</value>
      </symbol>
      <symbol id="sm-3cd">
         <name>T32_INT2_IRQHandler</name>
         <value>0x17f3</value>
      </symbol>
      <symbol id="sm-3ce">
         <name>T32_INTC_IRQHandler</name>
         <value>0x17f3</value>
      </symbol>
      <symbol id="sm-3cf">
         <name>AES256_IRQHandler</name>
         <value>0x17f3</value>
      </symbol>
      <symbol id="sm-3d0">
         <name>RTC_C_IRQHandler</name>
         <value>0x17f3</value>
      </symbol>
      <symbol id="sm-3d1">
         <name>DMA_ERR_IRQHandler</name>
         <value>0x17f3</value>
      </symbol>
      <symbol id="sm-3d2">
         <name>DMA_INT3_IRQHandler</name>
         <value>0x17f3</value>
      </symbol>
      <symbol id="sm-3d3">
         <name>DMA_INT2_IRQHandler</name>
         <value>0x17f3</value>
      </symbol>
      <symbol id="sm-3d4">
         <name>DMA_INT1_IRQHandler</name>
         <value>0x17f3</value>
      </symbol>
      <symbol id="sm-3d5">
         <name>DMA_INT0_IRQHandler</name>
         <value>0x17f3</value>
      </symbol>
      <symbol id="sm-3d6">
         <name>PORT1_IRQHandler</name>
         <value>0x17f3</value>
      </symbol>
      <symbol id="sm-3d7">
         <name>PORT2_IRQHandler</name>
         <value>0x17f3</value>
      </symbol>
      <symbol id="sm-3d8">
         <name>PORT3_IRQHandler</name>
         <value>0x17f3</value>
      </symbol>
      <symbol id="sm-3d9">
         <name>PORT4_IRQHandler</name>
         <value>0x1579</value>
      </symbol>
      <symbol id="sm-3da">
         <name>PORT5_IRQHandler</name>
         <value>0x17f3</value>
      </symbol>
      <symbol id="sm-3db">
         <name>PORT6_IRQHandler</name>
         <value>0x17f3</value>
      </symbol>
   </symbol_table>
   <title>Link successful</title>
</link_info>
