******************************************************************************
                  TI ARM Linker Unix v20.2.7                   
******************************************************************************
>> Linked Sun Mar 16 16:19:14 2025

OUTPUT FILE NAME:   <line_follower.out>
ENTRY POINT SYMBOL: "_c_int00_noargs"  address: 000015bd


MEMORY CONFIGURATION

         name            origin    length      used     unused   attr    fill
----------------------  --------  ---------  --------  --------  ----  --------
  MAIN                  00000000   00040000  000017c4  0003e83c  R  X
  INFO                  00200000   00004000  00000000  00004000  R  X
  SRAM_CODE             01000000   00010000  00000238  0000fdc8  RW X
  SRAM_DATA             20000000   00010000  00000238  0000fdc8  RW  


SEGMENT ALLOCATION MAP

run origin  load origin   length   init length attrs members
----------  ----------- ---------- ----------- ----- -------
00000000    00000000    000017c8   000017c8    r-x
  00000000    00000000    000000e4   000000e4    r-- .intvecs
  000000e4    000000e4    0000158c   0000158c    r-x .text
  00001670    00001670    0000011c   0000011c    r-- .const
  00001790    00001790    00000038   00000038    r-- .cinit
20000000    20000000    00000038   00000000    rw-
  20000000    20000000    00000028   00000000    rw- .data
  20000028    20000028    00000010   00000000    rw- .bss
2000fe00    2000fe00    00000200   00000000    rw-
  2000fe00    2000fe00    00000200   00000000    rw- .stack


SECTION ALLOCATION MAP

 output                                  attributes/
section   page    origin      length       input sections
--------  ----  ----------  ----------   ----------------
.intvecs   0    00000000    000000e4     
                  00000000    000000e4     startup_msp432p401r_ccs.obj (.intvecs:retain)

.text      0    000000e4    0000158c     
                  000000e4    000006c8     TExaS.obj (.text)
                  000007ac    00000448     main.obj (.text)
                  00000bf4    00000334     system_msp432p401r.obj (.text)
                  00000f28    00000214     Reflectance.obj (.text)
                  0000113c    000001e0     Clock.obj (.text)
                  0000131c    00000118     BumpInt.obj (.text)
                  00001434    0000009c     rtsv7M4_T_le_v4SPD16_eabi.lib : memcpy_t2.asm.obj (.text)
                  000014d0    00000068                                   : copy_decompress_lzss.c.obj (.text:decompress:lzss:__TI_decompress_lzss)
                  00001538    00000044                                   : autoinit.c.obj (.text:__TI_auto_init_nobinit_nopinit:__TI_auto_init_nobinit_nopinit)
                  0000157c    00000040     SysTickInts.obj (.text)
                  000015bc    00000034     rtsv7M4_T_le_v4SPD16_eabi.lib : boot_cortex_m.c.obj (.text:_c_int00_noargs:_c_int00_noargs)
                  000015f0    0000002e     main.obj (.text:PercentageToCCR)
                  0000161e    0000001c     rtsv7M4_T_le_v4SPD16_eabi.lib : copy_zero_init.c.obj (.text:decompress:ZI:__TI_zero_init_nomemset:__TI_zero_init_nomemset)
                  0000163a    00000012     TimerA1.obj (.text)
                  0000164c    0000000e     rtsv7M4_T_le_v4SPD16_eabi.lib : copy_decompress_none.c.obj (.text:decompress:none:__TI_decompress_none)
                  0000165a    0000000e     startup_msp432p401r_ccs.obj (.text)
                  00001668    00000004     rtsv7M4_T_le_v4SPD16_eabi.lib : pre_init.c.obj (.text:_system_pre_init)
                  0000166c    00000004                                   : exit.c.obj (.text:abort:abort)

.const     0    00001670    0000011c     
                  00001670    000000fc     main.obj (.const:fsm)
                  0000176c    00000020     Reflectance.obj (.const:$P$T0$1)

.cinit     0    00001790    00000038     
                  00001790    0000000d     (.cinit..data.load) [load image, compression = lzss]
                  0000179d    00000003     --HOLE-- [fill = 0]
                  000017a0    0000000c     (__TI_handler_table)
                  000017ac    00000004     --HOLE-- [fill = 0]
                  000017b0    00000008     (.cinit..bss.load) [load image, compression = zero_init]
                  000017b8    00000010     (__TI_cinit_table)

.init_array 
*          0    00000000    00000000     UNINITIALIZED

.binit     0    00000000    00000000     

.data      0    20000000    00000028     UNINITIALIZED
                  20000000    00000018     Clock.obj (.data)
                  20000018    0000000c     TExaS.obj (.data)
                  20000024    00000004     system_msp432p401r.obj (.data)

.bss       0    20000028    00000010     UNINITIALIZED
                  20000028    00000004     (.common:Bump_task)
                  2000002c    00000004     (.common:PeriodicTask2)
                  20000030    00000004     (.common:reflectance_value)
                  20000034    00000001     (.common:LogicData)
                  20000035    00000001     (.common:flag)
                  20000036    00000001     (.common:interrupt_count)
                  20000037    00000001     (.common:sensor_value)

.stack     0    2000fe00    00000200     UNINITIALIZED
                  2000fe00    00000004     rtsv7M4_T_le_v4SPD16_eabi.lib : boot_cortex_m.c.obj (.stack)
                  2000fe04    000001fc     --HOLE--

__llvm_prf_cnts 
*          0    20000000    00000000     UNINITIALIZED

MODULE SUMMARY

       Module                        code   ro data   rw data
       ------                        ----   -------   -------
    ./
       TExaS.obj                     1736   0         34     
       main.obj                      1142   252       14     
       system_msp432p401r.obj        820    0         8      
       Reflectance.obj               532    32        0      
       Clock.obj                     480    0         48     
       BumpInt.obj                   280    0         8      
       startup_msp432p401r_ccs.obj   14     228       0      
       SysTickInts.obj               64     0         0      
       TimerA1.obj                   18     0         0      
    +--+-----------------------------+------+---------+---------+
       Total:                        5086   512       112    
                                                             
    /Applications/ti/ccs1260/ccs/tools/compiler/ti-cgt-arm_20.2.7.LTS/lib/rtsv7M4_T_le_v4SPD16_eabi.lib
       memcpy_t2.asm.obj             156    0         0      
       copy_decompress_lzss.c.obj    104    0         0      
       autoinit.c.obj                68     0         0      
       boot_cortex_m.c.obj           52     0         0      
       copy_zero_init.c.obj          28     0         0      
       copy_decompress_none.c.obj    14     0         0      
       exit.c.obj                    4      0         0      
       pre_init.c.obj                4      0         0      
    +--+-----------------------------+------+---------+---------+
       Total:                        430    0         0      
                                                             
       Stack:                        0      0         1024   
       Linker Generated:             0      49        0      
    +--+-----------------------------+------+---------+---------+
       Grand Total:                  5516   561       1136   


LINKER GENERATED COPY TABLES

__TI_cinit_table @ 000017b8 records: 2, size/record: 8, table size: 16
	.data: load addr=00001790, load size=0000000d bytes, run addr=20000000, run size=00000028 bytes, compression=lzss
	.bss: load addr=000017b0, load size=00000008 bytes, run addr=20000028, run size=00000010 bytes, compression=zero_init


LINKER GENERATED HANDLER TABLE

__TI_handler_table @ 000017a0 records: 3, size/record: 4, table size: 12
	index: 0, handler: __TI_decompress_lzss
	index: 1, handler: __TI_decompress_none
	index: 2, handler: __TI_zero_init


GLOBAL SYMBOLS: SORTED ALPHABETICALLY BY Name 

address   name                                   
-------   ----                                   
00001667  ADC14_IRQHandler                       
000004f1  ADC_Init                               
00001667  AES256_IRQHandler                      
0000131d  BumpInt_Init                           
0000092f  BumpTask                               
00001393  Bump_Read                              
20000028  Bump_task                              
00001667  BusFault_Handler                       
0000166d  C$$EXIT                                
00001667  COMP_E0_IRQHandler                     
00001667  COMP_E1_IRQHandler                     
20000008  CPMwait                                
00001667  CS_IRQHandler                          
20000000  ClockFrequency                         
00001291  Clock_Delay1ms                         
00001267  Clock_Delay1us                         
00001253  Clock_GetFreq                          
0000113d  Clock_Init48MHz                        
000008b5  ConfigureUnusedPins                    
20000014  Crystalstable                          
00001667  DMA_ERR_IRQHandler                     
00001667  DMA_INT0_IRQHandler                    
00001667  DMA_INT1_IRQHandler                    
00001667  DMA_INT2_IRQHandler                    
00001667  DMA_INT3_IRQHandler                    
00001667  DebugMon_Handler                       
00001667  Default_Handler                        
00001667  EUSCIA0_IRQHandler                     
00001667  EUSCIA1_IRQHandler                     
00001667  EUSCIA2_IRQHandler                     
00001667  EUSCIA3_IRQHandler                     
00001667  EUSCIB0_IRQHandler                     
00001667  EUSCIB1_IRQHandler                     
00001667  EUSCIB2_IRQHandler                     
00001667  EUSCIB3_IRQHandler                     
00001667  FLCTL_IRQHandler                       
00001667  FPU_IRQHandler                         
00001667  HardFault_Handler                      
20000010  IFlags                                 
000000e5  LogicAnalyzer                          
000000ef  LogicAnalyzer_P1                       
000001c5  LogicAnalyzer_P10                      
000000fd  LogicAnalyzer_P2                       
000001d3  LogicAnalyzer_P27_P26_P82_P92_P104_P105
0000010b  LogicAnalyzer_P2_7654                  
0000011b  LogicAnalyzer_P3                       
00000129  LogicAnalyzer_P4                       
00000147  LogicAnalyzer_P4_765320                
00000137  LogicAnalyzer_P4_765432                
0000017f  LogicAnalyzer_P5                       
0000020b  LogicAnalyzer_P55_P54_P27_P26_P37_P36  
0000018d  LogicAnalyzer_P6                       
0000019b  LogicAnalyzer_P7                       
000001a9  LogicAnalyzer_P8                       
000001b7  LogicAnalyzer_P9                       
20000034  LogicData                              
00001667  MemManage_Handler                      
0000086b  Motor_Backward_2                       
0000082b  Motor_Control_Init                     
00000841  Motor_Forward_2                        
0000089f  Motor_Stop_2                           
00001667  NMI_Handler                            
00001667  PCM_IRQHandler                         
00001667  PORT1_IRQHandler                       
00001667  PORT2_IRQHandler                       
00001667  PORT3_IRQHandler                       
000013ed  PORT4_IRQHandler                       
000013ed  PORT4_IRQHandler                       
00001667  PORT5_IRQHandler                       
00001667  PORT6_IRQHandler                       
00001667  PSS_IRQHandler                         
000007ad  PWM_Init                               
00000807  PWM_SetDutyPercentage                  
00001667  PendSV_Handler                         
000015f1  PercentageToCCR                        
2000002c  PeriodicTask2                          
000002b9  PeriodicTask2_Init                     
00000333  PeriodicTask2_Stop                     
2000000c  Postwait                               
20000004  Prewait                                
00001667  RTC_C_IRQHandler                       
0000101b  Reflectance_Center                     
000010d1  Reflectance_End                        
00000f29  Reflectance_Init                       
00001027  Reflectance_Position                   
00000fc1  Reflectance_Read                       
0000109f  Reflectance_Start                      
0000165b  Reset_Handler                          
00001667  SVC_Handler                            
00000235  Scope                                  
000009fb  SysTick_Handler                        
000009fb  SysTick_Handler                        
0000157d  SysTick_Init                           
20000024  SystemCoreClock                        
00000bf5  SystemCoreClockUpdate                  
00000e6d  SystemInit                             
00000323  T32_INT1_IRQHandler                    
00000323  T32_INT1_IRQHandler                    
00001667  T32_INT2_IRQHandler                    
00001667  T32_INTC_IRQHandler                    
00001667  TA0_0_IRQHandler                       
00001667  TA0_N_IRQHandler                       
0000164b  TA1_0_IRQHandler                       
0000164b  TA1_0_IRQHandler                       
00001667  TA1_N_IRQHandler                       
00001667  TA2_0_IRQHandler                       
00001667  TA2_N_IRQHandler                       
00001667  TA3_0_IRQHandler                       
00001667  TA3_N_IRQHandler                       
00000485  TExaS_Clear0                           
00000491  TExaS_Clear1                           
000004a5  TExaS_Clear2                           
000004b1  TExaS_Clear3                           
000004bd  TExaS_Clear4                           
000004bf  TExaS_Clear5                           
000004cb  TExaS_Clear6                           
000005b5  TExaS_Init                             
2000001c  TExaS_ScopeErrConflict                 
20000018  TExaS_ScopeErrLostData                 
20000020  TExaS_ScopeWrnReconfig                 
00000413  TExaS_Set                              
0000042b  TExaS_Set0                             
00000437  TExaS_Set1                             
00000443  TExaS_Set2                             
0000044f  TExaS_Set3                             
0000045b  TExaS_Set4                             
0000045d  TExaS_Set5                             
00000475  TExaS_Set6                             
00000741  TExaS_Stop                             
000003c9  TExaS_Task0                            
000003d5  TExaS_Task1                            
000003e1  TExaS_Task2                            
000003ed  TExaS_Task3                            
000003f9  TExaS_Task4                            
000003fb  TExaS_Task5                            
00000407  TExaS_Task6                            
0000163b  TimerA1_Init                           
00001649  TimerA1_Stop                           
0000039d  UART_InChar                            
00000343  UART_Init                              
000003ad  UART_OutChar                           
00001667  UsageFault_Handler                     
4000480c  WDTCTL_SYM                             
00001667  WDT_A_IRQHandler                       
20010000  __STACK_END                            
00000200  __STACK_SIZE                           
000017b8  __TI_CINIT_Base                        
000017c8  __TI_CINIT_Limit                       
000017a0  __TI_Handler_Table_Base                
000017ac  __TI_Handler_Table_Limit               
00001539  __TI_auto_init_nobinit_nopinit         
000014d1  __TI_decompress_lzss                   
0000164d  __TI_decompress_none                   
ffffffff  __TI_pprof_out_hndl                    
ffffffff  __TI_prof_data_size                    
ffffffff  __TI_prof_data_start                   
00000000  __TI_static_base__                     
0000161f  __TI_zero_init_nomemset                
00001435  __aeabi_memcpy                         
00001435  __aeabi_memcpy4                        
00001435  __aeabi_memcpy8                        
ffffffff  __binit__                              
ffffffff  __c_args__                             
UNDEFED   __mpu_init                             
2000fe00  __stack                                
20000000  __start___llvm_prf_cnts                
20000000  __stop___llvm_prf_cnts                 
000015bd  _c_int00_noargs                        
UNDEFED   _system_post_cinit                     
00001669  _system_pre_init                       
0000166d  abort                                  
ffffffff  binit                                  
00001259  delay                                  
20000035  flag                                   
00001670  fsm                                    
00000000  interruptVectors                       
20000036  interrupt_count                        
00000a6d  main                                   
00001435  memcpy                                 
20000030  reflectance_value                      
20000037  sensor_value                           


GLOBAL SYMBOLS: SORTED BY Symbol Address 

address   name                                   
-------   ----                                   
00000000  __TI_static_base__                     
00000000  interruptVectors                       
000000e5  LogicAnalyzer                          
000000ef  LogicAnalyzer_P1                       
000000fd  LogicAnalyzer_P2                       
0000010b  LogicAnalyzer_P2_7654                  
0000011b  LogicAnalyzer_P3                       
00000129  LogicAnalyzer_P4                       
00000137  LogicAnalyzer_P4_765432                
00000147  LogicAnalyzer_P4_765320                
0000017f  LogicAnalyzer_P5                       
0000018d  LogicAnalyzer_P6                       
0000019b  LogicAnalyzer_P7                       
000001a9  LogicAnalyzer_P8                       
000001b7  LogicAnalyzer_P9                       
000001c5  LogicAnalyzer_P10                      
000001d3  LogicAnalyzer_P27_P26_P82_P92_P104_P105
00000200  __STACK_SIZE                           
0000020b  LogicAnalyzer_P55_P54_P27_P26_P37_P36  
00000235  Scope                                  
000002b9  PeriodicTask2_Init                     
00000323  T32_INT1_IRQHandler                    
00000323  T32_INT1_IRQHandler                    
00000333  PeriodicTask2_Stop                     
00000343  UART_Init                              
0000039d  UART_InChar                            
000003ad  UART_OutChar                           
000003c9  TExaS_Task0                            
000003d5  TExaS_Task1                            
000003e1  TExaS_Task2                            
000003ed  TExaS_Task3                            
000003f9  TExaS_Task4                            
000003fb  TExaS_Task5                            
00000407  TExaS_Task6                            
00000413  TExaS_Set                              
0000042b  TExaS_Set0                             
00000437  TExaS_Set1                             
00000443  TExaS_Set2                             
0000044f  TExaS_Set3                             
0000045b  TExaS_Set4                             
0000045d  TExaS_Set5                             
00000475  TExaS_Set6                             
00000485  TExaS_Clear0                           
00000491  TExaS_Clear1                           
000004a5  TExaS_Clear2                           
000004b1  TExaS_Clear3                           
000004bd  TExaS_Clear4                           
000004bf  TExaS_Clear5                           
000004cb  TExaS_Clear6                           
000004f1  ADC_Init                               
000005b5  TExaS_Init                             
00000741  TExaS_Stop                             
000007ad  PWM_Init                               
00000807  PWM_SetDutyPercentage                  
0000082b  Motor_Control_Init                     
00000841  Motor_Forward_2                        
0000086b  Motor_Backward_2                       
0000089f  Motor_Stop_2                           
000008b5  ConfigureUnusedPins                    
0000092f  BumpTask                               
000009fb  SysTick_Handler                        
000009fb  SysTick_Handler                        
00000a6d  main                                   
00000bf5  SystemCoreClockUpdate                  
00000e6d  SystemInit                             
00000f29  Reflectance_Init                       
00000fc1  Reflectance_Read                       
0000101b  Reflectance_Center                     
00001027  Reflectance_Position                   
0000109f  Reflectance_Start                      
000010d1  Reflectance_End                        
0000113d  Clock_Init48MHz                        
00001253  Clock_GetFreq                          
00001259  delay                                  
00001267  Clock_Delay1us                         
00001291  Clock_Delay1ms                         
0000131d  BumpInt_Init                           
00001393  Bump_Read                              
000013ed  PORT4_IRQHandler                       
000013ed  PORT4_IRQHandler                       
00001435  __aeabi_memcpy                         
00001435  __aeabi_memcpy4                        
00001435  __aeabi_memcpy8                        
00001435  memcpy                                 
000014d1  __TI_decompress_lzss                   
00001539  __TI_auto_init_nobinit_nopinit         
0000157d  SysTick_Init                           
000015bd  _c_int00_noargs                        
000015f1  PercentageToCCR                        
0000161f  __TI_zero_init_nomemset                
0000163b  TimerA1_Init                           
00001649  TimerA1_Stop                           
0000164b  TA1_0_IRQHandler                       
0000164b  TA1_0_IRQHandler                       
0000164d  __TI_decompress_none                   
0000165b  Reset_Handler                          
00001667  ADC14_IRQHandler                       
00001667  AES256_IRQHandler                      
00001667  BusFault_Handler                       
00001667  COMP_E0_IRQHandler                     
00001667  COMP_E1_IRQHandler                     
00001667  CS_IRQHandler                          
00001667  DMA_ERR_IRQHandler                     
00001667  DMA_INT0_IRQHandler                    
00001667  DMA_INT1_IRQHandler                    
00001667  DMA_INT2_IRQHandler                    
00001667  DMA_INT3_IRQHandler                    
00001667  DebugMon_Handler                       
00001667  Default_Handler                        
00001667  EUSCIA0_IRQHandler                     
00001667  EUSCIA1_IRQHandler                     
00001667  EUSCIA2_IRQHandler                     
00001667  EUSCIA3_IRQHandler                     
00001667  EUSCIB0_IRQHandler                     
00001667  EUSCIB1_IRQHandler                     
00001667  EUSCIB2_IRQHandler                     
00001667  EUSCIB3_IRQHandler                     
00001667  FLCTL_IRQHandler                       
00001667  FPU_IRQHandler                         
00001667  HardFault_Handler                      
00001667  MemManage_Handler                      
00001667  NMI_Handler                            
00001667  PCM_IRQHandler                         
00001667  PORT1_IRQHandler                       
00001667  PORT2_IRQHandler                       
00001667  PORT3_IRQHandler                       
00001667  PORT5_IRQHandler                       
00001667  PORT6_IRQHandler                       
00001667  PSS_IRQHandler                         
00001667  PendSV_Handler                         
00001667  RTC_C_IRQHandler                       
00001667  SVC_Handler                            
00001667  T32_INT2_IRQHandler                    
00001667  T32_INTC_IRQHandler                    
00001667  TA0_0_IRQHandler                       
00001667  TA0_N_IRQHandler                       
00001667  TA1_N_IRQHandler                       
00001667  TA2_0_IRQHandler                       
00001667  TA2_N_IRQHandler                       
00001667  TA3_0_IRQHandler                       
00001667  TA3_N_IRQHandler                       
00001667  UsageFault_Handler                     
00001667  WDT_A_IRQHandler                       
00001669  _system_pre_init                       
0000166d  C$$EXIT                                
0000166d  abort                                  
00001670  fsm                                    
000017a0  __TI_Handler_Table_Base                
000017ac  __TI_Handler_Table_Limit               
000017b8  __TI_CINIT_Base                        
000017c8  __TI_CINIT_Limit                       
20000000  ClockFrequency                         
20000000  __start___llvm_prf_cnts                
20000000  __stop___llvm_prf_cnts                 
20000004  Prewait                                
20000008  CPMwait                                
2000000c  Postwait                               
20000010  IFlags                                 
20000014  Crystalstable                          
20000018  TExaS_ScopeErrLostData                 
2000001c  TExaS_ScopeErrConflict                 
20000020  TExaS_ScopeWrnReconfig                 
20000024  SystemCoreClock                        
20000028  Bump_task                              
2000002c  PeriodicTask2                          
20000030  reflectance_value                      
20000034  LogicData                              
20000035  flag                                   
20000036  interrupt_count                        
20000037  sensor_value                           
2000fe00  __stack                                
20010000  __STACK_END                            
4000480c  WDTCTL_SYM                             
ffffffff  __TI_pprof_out_hndl                    
ffffffff  __TI_prof_data_size                    
ffffffff  __TI_prof_data_start                   
ffffffff  __binit__                              
ffffffff  __c_args__                             
ffffffff  binit                                  
UNDEFED   __mpu_init                             
UNDEFED   _system_post_cinit                     

[181 symbols]
