******************************************************************************
                  TI ARM Linker Unix v20.2.7                   
******************************************************************************
>> Linked Wed Mar 19 18:44:14 2025

OUTPUT FILE NAME:   <line_follower.out>
ENTRY POINT SYMBOL: "_c_int00_noargs"  address: 00001131


MEMORY CONFIGURATION

         name            origin    length      used     unused   attr    fill
----------------------  --------  ---------  --------  --------  ----  --------
  MAIN                  00000000   00040000  000013b4  0003ec4c  R  X
  INFO                  00200000   00004000  00000000  00004000  R  X
  SRAM_CODE             01000000   00010000  0000022b  0000fdd5  RW X
  SRAM_DATA             20000000   00010000  0000022b  0000fdd5  RW  


SEGMENT ALLOCATION MAP

run origin  load origin   length   init length attrs members
----------  ----------- ---------- ----------- ----- -------
00000000    00000000    000013b8   000013b8    r-x
  00000000    00000000    000000e4   000000e4    r-- .intvecs
  000000e8    000000e8    00001110   00001110    r-x .text
  000011f8    000011f8    00000188   00000188    r-- .const
  00001380    00001380    00000038   00000038    r-- .cinit
20000000    20000000    0000002b   00000000    rw-
  20000000    20000000    0000001c   00000000    rw- .data
  2000001c    2000001c    0000000f   00000000    rw- .bss
2000fe00    2000fe00    00000200   00000000    rw-
  2000fe00    2000fe00    00000200   00000000    rw- .stack


SECTION ALLOCATION MAP

 output                                  attributes/
section   page    origin      length       input sections
--------  ----  ----------  ----------   ----------------
.intvecs   0    00000000    000000e4     
                  00000000    000000e4     startup_msp432p401r_ccs.obj (.intvecs:retain)

.text      0    000000e8    00001110     
                  000000e8    000005d0     main.obj (.text)
                  000006b8    00000368     system_msp432p401r.obj (.text)
                  00000a20    00000264     Reflectance.obj (.text)
                  00000c84    00000004     rtsv7M4_T_le_v4SPD16_eabi.lib : pre_init.c.obj (.text:_system_pre_init)
                  00000c88    000001fc     Clock.obj (.text)
                  00000e84    00000004     rtsv7M4_T_le_v4SPD16_eabi.lib : exit.c.obj (.text:abort:abort)
                  00000e88    00000120     BumpInt.obj (.text)
                  00000fa8    0000009c     rtsv7M4_T_le_v4SPD16_eabi.lib : memcpy_t2.asm.obj (.text)
                  00001044    00000068                                   : copy_decompress_lzss.c.obj (.text:decompress:lzss:__TI_decompress_lzss)
                  000010ac    00000044                                   : autoinit.c.obj (.text:__TI_auto_init_nobinit_nopinit:__TI_auto_init_nobinit_nopinit)
                  000010f0    00000040     SysTickInts.obj (.text)
                  00001130    00000034     rtsv7M4_T_le_v4SPD16_eabi.lib : boot_cortex_m.c.obj (.text:_c_int00_noargs:_c_int00_noargs)
                  00001164    00000004     --HOLE-- [fill = 0]
                  00001168    00000032     main.obj (.text:PercentageToCCR)
                  0000119a    0000001c     rtsv7M4_T_le_v4SPD16_eabi.lib : copy_zero_init.c.obj (.text:decompress:ZI:__TI_zero_init_nomemset:__TI_zero_init_nomemset)
                  000011b6    00000002     --HOLE-- [fill = 0]
                  000011b8    0000001a     TimerA1.obj (.text)
                  000011d2    00000006     --HOLE-- [fill = 0]
                  000011d8    00000012     startup_msp432p401r_ccs.obj (.text)
                  000011ea    0000000e     rtsv7M4_T_le_v4SPD16_eabi.lib : copy_decompress_none.c.obj (.text:decompress:none:__TI_decompress_none)

.const     0    000011f8    00000188     
                  000011f8    00000168     main.obj (.const:fsm)
                  00001360    00000020     Reflectance.obj (.const:$P$T0$1)

.cinit     0    00001380    00000038     
                  00001380    0000000d     (.cinit..data.load) [load image, compression = lzss]
                  0000138d    00000003     --HOLE-- [fill = 0]
                  00001390    0000000c     (__TI_handler_table)
                  0000139c    00000004     --HOLE-- [fill = 0]
                  000013a0    00000008     (.cinit..bss.load) [load image, compression = zero_init]
                  000013a8    00000010     (__TI_cinit_table)

.init_array 
*          0    00000000    00000000     UNINITIALIZED

.binit     0    00000000    00000000     

.data      0    20000000    0000001c     UNINITIALIZED
                  20000000    00000018     Clock.obj (.data)
                  20000018    00000004     system_msp432p401r.obj (.data)

.bss       0    2000001c    0000000f     UNINITIALIZED
                  2000001c    00000004     (.common:Bump_task)
                  20000020    00000004     (.common:reflectance_value)
                  20000024    00000004     (.common:state)
                  20000028    00000001     (.common:flag)
                  20000029    00000001     (.common:interrupt_count)
                  2000002a    00000001     (.common:sensor_value)

.stack     0    2000fe00    00000200     UNINITIALIZED
                  2000fe00    00000004     rtsv7M4_T_le_v4SPD16_eabi.lib : boot_cortex_m.c.obj (.stack)
                  2000fe04    000001fc     --HOLE--

__llvm_prf_cnts 
*          0    20000000    00000000     UNINITIALIZED

MODULE SUMMARY

       Module                        code   ro data   rw data
       ------                        ----   -------   -------
    ./
       main.obj                      1538   360       22     
       system_msp432p401r.obj        872    0         8      
       Reflectance.obj               612    32        0      
       Clock.obj                     508    0         48     
       BumpInt.obj                   288    0         8      
       startup_msp432p401r_ccs.obj   18     228       0      
       SysTickInts.obj               64     0         0      
       TimerA1.obj                   26     0         0      
    +--+-----------------------------+------+---------+---------+
       Total:                        3926   620       86     
                                                             
    /Applications/ti/ccs1260/ccs/tools/compiler/ti-cgt-arm_20.2.7.LTS/lib/rtsv7M4_T_le_v4SPD16_eabi.lib
       memcpy_t2.asm.obj             156    0         0      
       copy_decompress_lzss.c.obj    104    0         0      
       autoinit.c.obj                68     0         0      
       boot_cortex_m.c.obj           52     0         0      
       copy_zero_init.c.obj          28     0         0      
       copy_decompress_none.c.obj    14     0         0      
       exit.c.obj                    4      0         0      
       pre_init.c.obj                4      0         0      
    +--+-----------------------------+------+---------+---------+
       Total:                        430    0         0      
                                                             
       Stack:                        0      0         1024   
       Linker Generated:             0      49        0      
    +--+-----------------------------+------+---------+---------+
       Grand Total:                  4356   669       1110   


LINKER GENERATED COPY TABLES

__TI_cinit_table @ 000013a8 records: 2, size/record: 8, table size: 16
	.data: load addr=00001380, load size=0000000d bytes, run addr=20000000, run size=0000001c bytes, compression=lzss
	.bss: load addr=000013a0, load size=00000008 bytes, run addr=2000001c, run size=0000000f bytes, compression=zero_init


LINKER GENERATED HANDLER TABLE

__TI_handler_table @ 00001390 records: 3, size/record: 4, table size: 12
	index: 0, handler: __TI_decompress_lzss
	index: 1, handler: __TI_decompress_none
	index: 2, handler: __TI_zero_init


GLOBAL SYMBOLS: SORTED ALPHABETICALLY BY Name 

address   name                          
-------   ----                          
000011e9  ADC14_IRQHandler              
000011e9  AES256_IRQHandler             
00000e89  BumpInt_Init                  
00000349  BumpTask                      
00000f01  Bump_Read                     
2000001c  Bump_task                     
000011e9  BusFault_Handler              
00000e85  C$$EXIT                       
000011e9  COMP_E0_IRQHandler            
000011e9  COMP_E1_IRQHandler            
20000008  CPMwait                       
000011e9  CS_IRQHandler                 
20000000  ClockFrequency                
00000df9  Clock_Delay1ms                
00000dc9  Clock_Delay1us                
00000db1  Clock_GetFreq                 
00000c89  Clock_Init48MHz               
00000209  ConfigureUnusedPins           
20000014  Crystalstable                 
000011e9  DMA_ERR_IRQHandler            
000011e9  DMA_INT0_IRQHandler           
000011e9  DMA_INT1_IRQHandler           
000011e9  DMA_INT2_IRQHandler           
000011e9  DMA_INT3_IRQHandler           
000011e9  DebugMon_Handler              
000011e9  Default_Handler               
000011e9  EUSCIA0_IRQHandler            
000011e9  EUSCIA1_IRQHandler            
000011e9  EUSCIA2_IRQHandler            
000011e9  EUSCIA3_IRQHandler            
000011e9  EUSCIB0_IRQHandler            
000011e9  EUSCIB1_IRQHandler            
000011e9  EUSCIB2_IRQHandler            
000011e9  EUSCIB3_IRQHandler            
000011e9  FLCTL_IRQHandler              
000011e9  FPU_IRQHandler                
000011e9  HardFault_Handler             
20000010  IFlags                        
000011e9  MemManage_Handler             
000001b9  Motor_Backward_2              
00000171  Motor_Control_Init            
00000189  Motor_Forward_2               
000001f1  Motor_Stop_2                  
000011e9  NMI_Handler                   
000011e9  PCM_IRQHandler                
000011e9  PORT1_IRQHandler              
000011e9  PORT2_IRQHandler              
000011e9  PORT3_IRQHandler              
00000f61  PORT4_IRQHandler              
00000f61  PORT4_IRQHandler              
000011e9  PORT5_IRQHandler              
000011e9  PORT6_IRQHandler              
000011e9  PSS_IRQHandler                
000000e9  PWM_Init                      
00000149  PWM_SetDutyPercentage         
000011e9  PendSV_Handler                
00001169  PercentageToCCR               
2000000c  Postwait                      
20000004  Prewait                       
000011e9  RTC_C_IRQHandler              
00000af9  Reflectance_Center            
00000c21  Reflectance_End               
00000a21  Reflectance_Init              
00000b71  Reflectance_Position          
00000a99  Reflectance_Read              
00000bf1  Reflectance_Start             
000011d9  Reset_Handler                 
000011e9  SVC_Handler                   
00000301  SysTick_Handler               
00000301  SysTick_Handler               
000010f1  SysTick_Init                  
20000018  SystemCoreClock               
000006b9  SystemCoreClockUpdate         
00000969  SystemInit                    
000011e9  T32_INT1_IRQHandler           
000011e9  T32_INT2_IRQHandler           
000011e9  T32_INTC_IRQHandler           
000011e9  TA0_0_IRQHandler              
000011e9  TA0_N_IRQHandler              
000011d1  TA1_0_IRQHandler              
000011d1  TA1_0_IRQHandler              
000011e9  TA1_N_IRQHandler              
000011e9  TA2_0_IRQHandler              
000011e9  TA2_N_IRQHandler              
000011e9  TA3_0_IRQHandler              
000011e9  TA3_N_IRQHandler              
000011b9  TimerA1_Init                  
000011c9  TimerA1_Stop                  
000011e9  UsageFault_Handler            
4000480c  WDTCTL_SYM                    
000011e9  WDT_A_IRQHandler              
20010000  __STACK_END                   
00000200  __STACK_SIZE                  
000013a8  __TI_CINIT_Base               
000013b8  __TI_CINIT_Limit              
00001390  __TI_Handler_Table_Base       
0000139c  __TI_Handler_Table_Limit      
000010ad  __TI_auto_init_nobinit_nopinit
00001045  __TI_decompress_lzss          
000011eb  __TI_decompress_none          
ffffffff  __TI_pprof_out_hndl           
ffffffff  __TI_prof_data_size           
ffffffff  __TI_prof_data_start          
00000000  __TI_static_base__            
0000119b  __TI_zero_init_nomemset       
00000fa9  __aeabi_memcpy                
00000fa9  __aeabi_memcpy4               
00000fa9  __aeabi_memcpy8               
ffffffff  __binit__                     
ffffffff  __c_args__                    
UNDEFED   __mpu_init                    
2000fe00  __stack                       
20000000  __start___llvm_prf_cnts       
20000000  __stop___llvm_prf_cnts        
00001131  _c_int00_noargs               
UNDEFED   _system_post_cinit            
00000c85  _system_pre_init              
00000e85  abort                         
ffffffff  binit                         
00000db9  delay                         
20000028  flag                          
000011f8  fsm                           
00000000  interruptVectors              
20000029  interrupt_count               
000004d9  main                          
00000fa9  memcpy                        
20000020  reflectance_value             
2000002a  sensor_value                  
20000024  state                         


GLOBAL SYMBOLS: SORTED BY Symbol Address 

address   name                          
-------   ----                          
00000000  __TI_static_base__            
00000000  interruptVectors              
000000e9  PWM_Init                      
00000149  PWM_SetDutyPercentage         
00000171  Motor_Control_Init            
00000189  Motor_Forward_2               
000001b9  Motor_Backward_2              
000001f1  Motor_Stop_2                  
00000200  __STACK_SIZE                  
00000209  ConfigureUnusedPins           
00000301  SysTick_Handler               
00000301  SysTick_Handler               
00000349  BumpTask                      
000004d9  main                          
000006b9  SystemCoreClockUpdate         
00000969  SystemInit                    
00000a21  Reflectance_Init              
00000a99  Reflectance_Read              
00000af9  Reflectance_Center            
00000b71  Reflectance_Position          
00000bf1  Reflectance_Start             
00000c21  Reflectance_End               
00000c85  _system_pre_init              
00000c89  Clock_Init48MHz               
00000db1  Clock_GetFreq                 
00000db9  delay                         
00000dc9  Clock_Delay1us                
00000df9  Clock_Delay1ms                
00000e85  C$$EXIT                       
00000e85  abort                         
00000e89  BumpInt_Init                  
00000f01  Bump_Read                     
00000f61  PORT4_IRQHandler              
00000f61  PORT4_IRQHandler              
00000fa9  __aeabi_memcpy                
00000fa9  __aeabi_memcpy4               
00000fa9  __aeabi_memcpy8               
00000fa9  memcpy                        
00001045  __TI_decompress_lzss          
000010ad  __TI_auto_init_nobinit_nopinit
000010f1  SysTick_Init                  
00001131  _c_int00_noargs               
00001169  PercentageToCCR               
0000119b  __TI_zero_init_nomemset       
000011b9  TimerA1_Init                  
000011c9  TimerA1_Stop                  
000011d1  TA1_0_IRQHandler              
000011d1  TA1_0_IRQHandler              
000011d9  Reset_Handler                 
000011e9  ADC14_IRQHandler              
000011e9  AES256_IRQHandler             
000011e9  BusFault_Handler              
000011e9  COMP_E0_IRQHandler            
000011e9  COMP_E1_IRQHandler            
000011e9  CS_IRQHandler                 
000011e9  DMA_ERR_IRQHandler            
000011e9  DMA_INT0_IRQHandler           
000011e9  DMA_INT1_IRQHandler           
000011e9  DMA_INT2_IRQHandler           
000011e9  DMA_INT3_IRQHandler           
000011e9  DebugMon_Handler              
000011e9  Default_Handler               
000011e9  EUSCIA0_IRQHandler            
000011e9  EUSCIA1_IRQHandler            
000011e9  EUSCIA2_IRQHandler            
000011e9  EUSCIA3_IRQHandler            
000011e9  EUSCIB0_IRQHandler            
000011e9  EUSCIB1_IRQHandler            
000011e9  EUSCIB2_IRQHandler            
000011e9  EUSCIB3_IRQHandler            
000011e9  FLCTL_IRQHandler              
000011e9  FPU_IRQHandler                
000011e9  HardFault_Handler             
000011e9  MemManage_Handler             
000011e9  NMI_Handler                   
000011e9  PCM_IRQHandler                
000011e9  PORT1_IRQHandler              
000011e9  PORT2_IRQHandler              
000011e9  PORT3_IRQHandler              
000011e9  PORT5_IRQHandler              
000011e9  PORT6_IRQHandler              
000011e9  PSS_IRQHandler                
000011e9  PendSV_Handler                
000011e9  RTC_C_IRQHandler              
000011e9  SVC_Handler                   
000011e9  T32_INT1_IRQHandler           
000011e9  T32_INT2_IRQHandler           
000011e9  T32_INTC_IRQHandler           
000011e9  TA0_0_IRQHandler              
000011e9  TA0_N_IRQHandler              
000011e9  TA1_N_IRQHandler              
000011e9  TA2_0_IRQHandler              
000011e9  TA2_N_IRQHandler              
000011e9  TA3_0_IRQHandler              
000011e9  TA3_N_IRQHandler              
000011e9  UsageFault_Handler            
000011e9  WDT_A_IRQHandler              
000011eb  __TI_decompress_none          
000011f8  fsm                           
00001390  __TI_Handler_Table_Base       
0000139c  __TI_Handler_Table_Limit      
000013a8  __TI_CINIT_Base               
000013b8  __TI_CINIT_Limit              
20000000  ClockFrequency                
20000000  __start___llvm_prf_cnts       
20000000  __stop___llvm_prf_cnts        
20000004  Prewait                       
20000008  CPMwait                       
2000000c  Postwait                      
20000010  IFlags                        
20000014  Crystalstable                 
20000018  SystemCoreClock               
2000001c  Bump_task                     
20000020  reflectance_value             
20000024  state                         
20000028  flag                          
20000029  interrupt_count               
2000002a  sensor_value                  
2000fe00  __stack                       
20010000  __STACK_END                   
4000480c  WDTCTL_SYM                    
ffffffff  __TI_pprof_out_hndl           
ffffffff  __TI_prof_data_size           
ffffffff  __TI_prof_data_start          
ffffffff  __binit__                     
ffffffff  __c_args__                    
ffffffff  binit                         
UNDEFED   __mpu_init                    
UNDEFED   _system_post_cinit            

[129 symbols]
